Component: ARM Compiler 5.06 update 6 (build 750) Tool: armlink [4d35ed]

==============================================================================

Section Cross References

    startup_stm32f407xx.o(RESET) refers to startup_stm32f407xx.o(STACK) for __initial_sp
    startup_stm32f407xx.o(RESET) refers to startup_stm32f407xx.o(.text) for Reset_Handler
    startup_stm32f407xx.o(RESET) refers to stm32f4xx_it.o(i.NMI_Handler) for NMI_Handler
    startup_stm32f407xx.o(RESET) refers to stm32f4xx_it.o(i.HardFault_Handler) for HardFault_Handler
    startup_stm32f407xx.o(RESET) refers to stm32f4xx_it.o(i.MemManage_Handler) for MemManage_Handler
    startup_stm32f407xx.o(RESET) refers to stm32f4xx_it.o(i.BusFault_Handler) for BusFault_Handler
    startup_stm32f407xx.o(RESET) refers to stm32f4xx_it.o(i.UsageFault_Handler) for UsageFault_Handler
    startup_stm32f407xx.o(RESET) refers to stm32f4xx_it.o(i.SVC_Handler) for SVC_Handler
    startup_stm32f407xx.o(RESET) refers to stm32f4xx_it.o(i.DebugMon_Handler) for DebugMon_Handler
    startup_stm32f407xx.o(RESET) refers to stm32f4xx_it.o(i.PendSV_Handler) for PendSV_Handler
    startup_stm32f407xx.o(RESET) refers to stm32f4xx_it.o(i.SysTick_Handler) for SysTick_Handler
    startup_stm32f407xx.o(RESET) refers to stm32f4xx_it.o(i.EXTI9_5_IRQHandler) for EXTI9_5_IRQHandler
    startup_stm32f407xx.o(RESET) refers to stm32f4xx_it.o(i.TIM4_IRQHandler) for TIM4_IRQHandler
    startup_stm32f407xx.o(RESET) refers to stm32f4xx_it.o(i.USART1_IRQHandler) for USART1_IRQHandler
    startup_stm32f407xx.o(RESET) refers to stm32f4xx_it.o(i.TIM5_IRQHandler) for TIM5_IRQHandler
    startup_stm32f407xx.o(RESET) refers to stm32f4xx_it.o(i.TIM7_IRQHandler) for TIM7_IRQHandler
    startup_stm32f407xx.o(RESET) refers to stm32f4xx_it.o(i.DMA2_Stream0_IRQHandler) for DMA2_Stream0_IRQHandler
    startup_stm32f407xx.o(.text) refers to system_stm32f4xx.o(i.SystemInit) for SystemInit
    startup_stm32f407xx.o(.text) refers to entry.o(.ARM.Collect$$$$00000000) for __main
    stm32f4xx_hal_adc.o(i.ADC_DMAConvCplt) refers to adc.o(i.HAL_ADC_ConvCpltCallback) for HAL_ADC_ConvCpltCallback
    stm32f4xx_hal_adc.o(i.ADC_DMAError) refers to stm32f4xx_hal_adc.o(i.HAL_ADC_ErrorCallback) for HAL_ADC_ErrorCallback
    stm32f4xx_hal_adc.o(i.ADC_DMAHalfConvCplt) refers to stm32f4xx_hal_adc.o(i.HAL_ADC_ConvHalfCpltCallback) for HAL_ADC_ConvHalfCpltCallback
    stm32f4xx_hal_adc.o(i.HAL_ADC_ConfigChannel) refers to system_stm32f4xx.o(.data) for SystemCoreClock
    stm32f4xx_hal_adc.o(i.HAL_ADC_DeInit) refers to adc.o(i.HAL_ADC_MspDeInit) for HAL_ADC_MspDeInit
    stm32f4xx_hal_adc.o(i.HAL_ADC_IRQHandler) refers to adc.o(i.HAL_ADC_ConvCpltCallback) for HAL_ADC_ConvCpltCallback
    stm32f4xx_hal_adc.o(i.HAL_ADC_IRQHandler) refers to stm32f4xx_hal_adc_ex.o(i.HAL_ADCEx_InjectedConvCpltCallback) for HAL_ADCEx_InjectedConvCpltCallback
    stm32f4xx_hal_adc.o(i.HAL_ADC_IRQHandler) refers to stm32f4xx_hal_adc.o(i.HAL_ADC_LevelOutOfWindowCallback) for HAL_ADC_LevelOutOfWindowCallback
    stm32f4xx_hal_adc.o(i.HAL_ADC_IRQHandler) refers to stm32f4xx_hal_adc.o(i.HAL_ADC_ErrorCallback) for HAL_ADC_ErrorCallback
    stm32f4xx_hal_adc.o(i.HAL_ADC_Init) refers to adc.o(i.HAL_ADC_MspInit) for HAL_ADC_MspInit
    stm32f4xx_hal_adc.o(i.HAL_ADC_PollForConversion) refers to stm32f4xx_hal.o(i.HAL_GetTick) for HAL_GetTick
    stm32f4xx_hal_adc.o(i.HAL_ADC_PollForEvent) refers to stm32f4xx_hal.o(i.HAL_GetTick) for HAL_GetTick
    stm32f4xx_hal_adc.o(i.HAL_ADC_Start) refers to system_stm32f4xx.o(.data) for SystemCoreClock
    stm32f4xx_hal_adc.o(i.HAL_ADC_Start_DMA) refers to stm32f4xx_hal_dma.o(i.HAL_DMA_Start_IT) for HAL_DMA_Start_IT
    stm32f4xx_hal_adc.o(i.HAL_ADC_Start_DMA) refers to system_stm32f4xx.o(.data) for SystemCoreClock
    stm32f4xx_hal_adc.o(i.HAL_ADC_Start_DMA) refers to stm32f4xx_hal_adc.o(i.ADC_DMAConvCplt) for ADC_DMAConvCplt
    stm32f4xx_hal_adc.o(i.HAL_ADC_Start_DMA) refers to stm32f4xx_hal_adc.o(i.ADC_DMAHalfConvCplt) for ADC_DMAHalfConvCplt
    stm32f4xx_hal_adc.o(i.HAL_ADC_Start_DMA) refers to stm32f4xx_hal_adc.o(i.ADC_DMAError) for ADC_DMAError
    stm32f4xx_hal_adc.o(i.HAL_ADC_Start_IT) refers to system_stm32f4xx.o(.data) for SystemCoreClock
    stm32f4xx_hal_adc.o(i.HAL_ADC_Stop_DMA) refers to stm32f4xx_hal_dma.o(i.HAL_DMA_Abort) for HAL_DMA_Abort
    stm32f4xx_hal_adc_ex.o(i.ADC_MultiModeDMAConvCplt) refers to adc.o(i.HAL_ADC_ConvCpltCallback) for HAL_ADC_ConvCpltCallback
    stm32f4xx_hal_adc_ex.o(i.ADC_MultiModeDMAError) refers to stm32f4xx_hal_adc.o(i.HAL_ADC_ErrorCallback) for HAL_ADC_ErrorCallback
    stm32f4xx_hal_adc_ex.o(i.ADC_MultiModeDMAHalfConvCplt) refers to stm32f4xx_hal_adc.o(i.HAL_ADC_ConvHalfCpltCallback) for HAL_ADC_ConvHalfCpltCallback
    stm32f4xx_hal_adc_ex.o(i.HAL_ADCEx_InjectedPollForConversion) refers to stm32f4xx_hal.o(i.HAL_GetTick) for HAL_GetTick
    stm32f4xx_hal_adc_ex.o(i.HAL_ADCEx_InjectedStart) refers to system_stm32f4xx.o(.data) for SystemCoreClock
[...]
    i.DMA2_Stream0_IRQHandler                0x080016e4   Section        0  stm32f4xx_it.o(i.DMA2_Stream0_IRQHandler)
    i.DebugMon_Handler                       0x080016f0   Section        0  stm32f4xx_it.o(i.DebugMon_Handler)
    i.EXTI9_5_IRQHandler                     0x080016f2   Section        0  stm32f4xx_it.o(i.EXTI9_5_IRQHandler)
    i.Exti_Test_GPIO_Init                    0x080016fc   Section        0  exti_test.o(i.Exti_Test_GPIO_Init)
    i.FFT_Cal                                0x08001760   Section        0  dataoperation.o(i.FFT_Cal)
    i.FSMC_NORSRAM_Extended_Timing_Init      0x08001810   Section        0  stm32f4xx_ll_fsmc.o(i.FSMC_NORSRAM_Extended_Timing_Init)
    i.FSMC_NORSRAM_Init                      0x0800185c   Section        0  stm32f4xx_ll_fsmc.o(i.FSMC_NORSRAM_Init)
    i.FSMC_NORSRAM_Timing_Init               0x080018b8   Section        0  stm32f4xx_ll_fsmc.o(i.FSMC_NORSRAM_Timing_Init)
    i.FT6206_Read_Reg                        0x0800190c   Section        0  touch.o(i.FT6206_Read_Reg)
    i.FT6336_I2C_GPIO_Init                   0x080019f0   Section        0  touch.o(i.FT6336_I2C_GPIO_Init)
    i.Figure_Checkpos                        0x08001a44   Section        0  windowsframe.o(i.Figure_Checkpos)
    i.Figure_bound_data                      0x08001aa4   Section        0  windowsframe.o(i.Figure_bound_data)
    i.Figure_init                            0x08001ae0   Section        0  windowsframe.o(i.Figure_init)
    i.Figure_line_plot                       0x08001b18   Section        0  windowsframe.o(i.Figure_line_plot)
    i.Figure_window_plot                     0x08001fe8   Section        0  windowsframe.o(i.Figure_window_plot)
    i.Gui_Draw_Asc16_Hzk16                   0x080020c0   Section        0  gui.o(i.Gui_Draw_Asc16_Hzk16)
    i.Gui_Draw_Asc24_Hzk24                   0x080021c0   Section        0  gui.o(i.Gui_Draw_Asc24_Hzk24)
    i.Gui_Draw_aPixel                        0x08002330   Section        0  gui.o(i.Gui_Draw_aPixel)
    i.HAL_ADC_ConfigChannel                  0x08002344   Section        0  stm32f4xx_hal_adc.o(i.HAL_ADC_ConfigChannel)
    i.HAL_ADC_ConvCpltCallback               0x080024f4   Section        0  adc.o(i.HAL_ADC_ConvCpltCallback)
    i.HAL_ADC_ConvHalfCpltCallback           0x08002524   Section        0  stm32f4xx_hal_adc.o(i.HAL_ADC_ConvHalfCpltCallback)
    i.HAL_ADC_ErrorCallback                  0x08002526   Section        0  stm32f4xx_hal_adc.o(i.HAL_ADC_ErrorCallback)
    i.HAL_ADC_Init                           0x08002528   Section        0  stm32f4xx_hal_adc.o(i.HAL_ADC_Init)
    i.HAL_ADC_MspInit                        0x080026a0   Section        0  adc.o(i.HAL_ADC_MspInit)
    i.HAL_ADC_Start_DMA                      0x0800273c   Section        0  stm32f4xx_hal_adc.o(i.HAL_ADC_Start_DMA)
    i.HAL_DMA_Abort_IT                       0x0800289c   Section        0  stm32f4xx_hal_dma.o(i.HAL_DMA_Abort_IT)
    i.HAL_DMA_IRQHandler                     0x080028c0   Section        0  stm32f4xx_hal_dma.o(i.HAL_DMA_IRQHandler)
    i.HAL_DMA_Init                           0x08002aa8   Section        0  stm32f4xx_hal_dma.o(i.HAL_DMA_Init)
    i.HAL_DMA_Start_IT                       0x08002c04   Section        0  stm32f4xx_hal_dma.o(i.HAL_DMA_Start_IT)
    i.HAL_GPIO_EXTI_Callback                 0x08002ca0   Section        0  exti_test.o(i.HAL_GPIO_EXTI_Callback)
    i.HAL_GPIO_EXTI_IRQHandler               0x08002cdc   Section        0  stm32f4xx_hal_gpio.o(i.HAL_GPIO_EXTI_IRQHandler)
    i.HAL_GPIO_Init                          0x08002cf4   Section        0  stm32f4xx_hal_gpio.o(i.HAL_GPIO_Init)
    i.HAL_GPIO_ReadPin                       0x08002f30   Section        0  stm32f4xx_hal_gpio.o(i.HAL_GPIO_ReadPin)
    i.HAL_GPIO_TogglePin                     0x08002f3a   Section        0  stm32f4xx_hal_gpio.o(i.HAL_GPIO_TogglePin)
    i.HAL_GPIO_WritePin                      0x08002f42   Section        0  stm32f4xx_hal_gpio.o(i.HAL_GPIO_WritePin)
    i.HAL_GetTick                            0x08002f4c   Section        0  stm32f4xx_hal.o(i.HAL_GetTick)
    i.HAL_IncTick                            0x08002f58   Section        0  stm32f4xx_hal.o(i.HAL_IncTick)
    i.HAL_Init                               0x08002f68   Section        0  stm32f4xx_hal.o(i.HAL_Init)
    i.HAL_InitTick                           0x08002f9c   Section        0  stm32f4xx_hal.o(i.HAL_InitTick)
    i.HAL_MspInit                            0x08002fc4   Section        0  stm32f4xx_hal_msp.o(i.HAL_MspInit)
    i.HAL_NVIC_EnableIRQ                     0x08003048   Section        0  stm32f4xx_hal_cortex.o(i.HAL_NVIC_EnableIRQ)
    i.HAL_NVIC_SetPriority                   0x08003060   Section        0  stm32f4xx_hal_cortex.o(i.HAL_NVIC_SetPriority)
    i.HAL_NVIC_SetPriorityGrouping           0x080030c4   Section        0  stm32f4xx_hal_cortex.o(i.HAL_NVIC_SetPriorityGrouping)
    i.HAL_RCC_ClockConfig                    0x080030e8   Section        0  stm32f4xx_hal_rcc.o(i.HAL_RCC_ClockConfig)
    i.HAL_RCC_GetHCLKFreq                    0x08003280   Section        0  stm32f4xx_hal_rcc.o(i.HAL_RCC_GetHCLKFreq)
    i.HAL_RCC_GetPCLK1Freq                   0x0800328c   Section        0  stm32f4xx_hal_rcc.o(i.HAL_RCC_GetPCLK1Freq)
    i.HAL_RCC_GetPCLK2Freq                   0x080032bc   Section        0  stm32f4xx_hal_rcc.o(i.HAL_RCC_GetPCLK2Freq)
    i.HAL_RCC_GetSysClockFreq                0x080032ec   Section        0  stm32f4xx_hal_rcc.o(i.HAL_RCC_GetSysClockFreq)
    i.HAL_RCC_OscConfig                      0x08003380   Section        0  stm32f4xx_hal_rcc.o(i.HAL_RCC_OscConfig)
    i.HAL_SPI_Init                           0x0800373c   Section        0  stm32f4xx_hal_spi.o(i.HAL_SPI_Init)
    i.HAL_SPI_MspInit                        0x080037bc   Section        0  spi.o(i.HAL_SPI_MspInit)
    i.HAL_SPI_TransmitReceive                0x08003824   Section        0  stm32f4xx_hal_spi.o(i.HAL_SPI_TransmitReceive)
    i.HAL_SRAM_Init                          0x08003a32   Section        0  stm32f4xx_hal_sram.o(i.HAL_SRAM_Init)
    i.HAL_SRAM_MspInit                       0x08003a88   Section        0  fsmc.o(i.HAL_SRAM_MspInit)
    i.HAL_SYSTICK_CLKSourceConfig            0x08003b1c   Section        0  stm32f4xx_hal_cortex.o(i.HAL_SYSTICK_CLKSourceConfig)
    i.HAL_SYSTICK_Callback                   0x08003b32   Section        0  stm32f4xx_hal_cortex.o(i.HAL_SYSTICK_Callback)
    i.HAL_SYSTICK_Config                     0x08003b34   Section        0  stm32f4xx_hal_cortex.o(i.HAL_SYSTICK_Config)
    i.HAL_SYSTICK_IRQHandler                 0x08003b60   Section        0  stm32f4xx_hal_cortex.o(i.HAL_SYSTICK_IRQHandler)
    i.HAL_TIMEx_BreakCallback                0x08003b68   Section        0  stm32f4xx_hal_tim_ex.o(i.HAL_TIMEx_BreakCallback)
    i.HAL_TIMEx_CommutationCallback          0x08003b6a   Section        0  stm32f4xx_hal_tim_ex.o(i.HAL_TIMEx_CommutationCallback)
    i.HAL_TIMEx_MasterConfigSynchronization  0x08003b6c   Section        0  stm32f4xx_hal_tim_ex.o(i.HAL_TIMEx_MasterConfigSynchronization)
    i.HAL_TIM_Base_Init                      0x08003bd0   Section        0  stm32f4xx_hal_tim.o(i.HAL_TIM_Base_Init)
    i.HAL_TIM_Base_MspInit                   0x08003c08   Section        0  tim.o(i.HAL_TIM_Base_MspInit)
    i.HAL_TIM_Base_Start_IT                  0x08003cd0   Section        0  stm32f4xx_hal_tim.o(i.HAL_TIM_Base_Start_IT)
    i.HAL_TIM_Base_Stop                      0x08003ce8   Section        0  stm32f4xx_hal_tim.o(i.HAL_TIM_Base_Stop)
    i.HAL_TIM_Base_Stop_IT                   0x08003d14   Section        0  stm32f4xx_hal_tim.o(i.HAL_TIM_Base_Stop_IT)
    i.HAL_TIM_ConfigClockSource              0x08003d3e   Section        0  stm32f4xx_hal_tim.o(i.HAL_TIM_ConfigClockSource)
    i.HAL_TIM_IC_CaptureCallback             0x08003ef6   Section        0  stm32f4xx_hal_tim.o(i.HAL_TIM_IC_CaptureCallback)
    i.HAL_TIM_IRQHandler                     0x08003ef8   Section        0  stm32f4xx_hal_tim.o(i.HAL_TIM_IRQHandler)
    i.HAL_TIM_OC_DelayElapsedCallback        0x08004064   Section        0  stm32f4xx_hal_tim.o(i.HAL_TIM_OC_DelayElapsedCallback)
    i.HAL_TIM_PWM_ConfigChannel              0x08004068   Section        0  stm32f4xx_hal_tim.o(i.HAL_TIM_PWM_ConfigChannel)
    i.HAL_TIM_PWM_Init                       0x080042a0   Section        0  stm32f4xx_hal_tim.o(i.HAL_TIM_PWM_Init)
    i.HAL_TIM_PWM_MspInit                    0x080042d6   Section        0  stm32f4xx_hal_tim.o(i.HAL_TIM_PWM_MspInit)
    i.HAL_TIM_PWM_PulseFinishedCallback      0x080042d8   Section        0  stm32f4xx_hal_tim.o(i.HAL_TIM_PWM_PulseFinishedCallback)
    i.HAL_TIM_PWM_Start                      0x080042da   Section        0  stm32f4xx_hal_tim.o(i.HAL_TIM_PWM_Start)
    i.HAL_TIM_PWM_Start_IT                   0x0800431a   Section        0  stm32f4xx_hal_tim.o(i.HAL_TIM_PWM_Start_IT)
    i.HAL_TIM_PWM_Stop                       0x0800438e   Section        0  stm32f4xx_hal_tim.o(i.HAL_TIM_PWM_Stop)
    i.HAL_TIM_PeriodElapsedCallback          0x08004404   Section        0  tim.o(i.HAL_TIM_PeriodElapsedCallback)
    i.HAL_TIM_TriggerCallback                0x0800448c   Section        0  stm32f4xx_hal_tim.o(i.HAL_TIM_TriggerCallback)
    i.HAL_UART_ErrorCallback                 0x0800448e   Section        0  stm32f4xx_hal_uart.o(i.HAL_UART_ErrorCallback)
    i.HAL_UART_IRQHandler                    0x08004490   Section        0  stm32f4xx_hal_uart.o(i.HAL_UART_IRQHandler)
    i.HAL_UART_Init                          0x08004728   Section        0  stm32f4xx_hal_uart.o(i.HAL_UART_Init)
    i.HAL_UART_MspInit                       0x0800478c   Section        0  usart.o(i.HAL_UART_MspInit)
    i.HAL_UART_Receive_IT                    0x080047dc   Section        0  stm32f4xx_hal_uart.o(i.HAL_UART_Receive_IT)
    i.HAL_UART_RxCpltCallback                0x08004828   Section        0  usart.o(i.HAL_UART_RxCpltCallback)
    i.HAL_UART_TxCpltCallback                0x08004864   Section        0  usart.o(i.HAL_UART_TxCpltCallback)
    i.HardFault_Handler                      0x08004866   Section        0  stm32f4xx_it.o(i.HardFault_Handler)
    i.I2C1_Read_Byte                         0x08004868   Section        0  touch.o(i.I2C1_Read_Byte)
    i.I2C1_Send_Byte                         0x08004948   Section        0  touch.o(i.I2C1_Send_Byte)
    i.I2C1_Stop                              0x080049d8   Section        0  touch.o(i.I2C1_Stop)
    i.I2C1_WaitAck                           0x08004a24   Section        0  touch.o(i.I2C1_WaitAck)
    i.IO_GPIO_Init                           0x08004adc   Section        0  key.o(i.IO_GPIO_Init)
    i.Init_KeyStatus                         0x08004b1c   Section        0  key.o(i.Init_KeyStatus)
    i.Key_GPIO_Init                          0x08004b28   Section        0  key.o(i.Key_GPIO_Init)
    i.Key_Process                            0x08004b60   Section        0  key.o(i.Key_Process)
    i.LCD_Initialize                         0x08004bd8   Section        0  lcd_drive.o(i.LCD_Initialize)
    i.LED_GPIO_Init                          0x08004f58   Section        0  led.o(i.LED_GPIO_Init)
    i.Lcd_Clear_All                          0x08004fec   Section        0  lcd_drive.o(i.Lcd_Clear_All)
    i.Lcd_Clear_Some_Area                    0x08005028   Section        0  lcd_drive.o(i.Lcd_Clear_Some_Area)
    i.Lcd_Set_Region                         0x080050a8   Section        0  lcd_drive.o(i.Lcd_Set_Region)
    i.Lcd_Set_XY                             0x08005104   Section        0  lcd_drive.o(i.Lcd_Set_XY)
    i.MX_ADC1_Init                           0x08005130   Section        0  adc.o(i.MX_ADC1_Init)
    i.MX_DMA_Init                            0x080051ac   Section        0  dma.o(i.MX_DMA_Init)
    i.MX_FSMC_Init                           0x080051c8   Section        0  fsmc.o(i.MX_FSMC_Init)
    i.MX_GPIO_Init                           0x08005248   Section        0  gpio.o(i.MX_GPIO_Init)
    i.MX_SPI2_Init                           0x0800540c   Section        0  spi.o(i.MX_SPI2_Init)
    i.MX_TIM2_Init                           0x08005468   Section        0  tim.o(i.MX_TIM2_Init)
    i.MX_TIM4_Init                           0x08005550   Section        0  tim.o(i.MX_TIM4_Init)
    i.MX_TIM5_Init                           0x08005634   Section        0  tim.o(i.MX_TIM5_Init)
    i.MX_TIM7_Init                           0x080056b0   Section        0  tim.o(i.MX_TIM7_Init)
    i.MX_USART1_UART_Init                    0x08005710   Section        0  usart.o(i.MX_USART1_UART_Init)
    i.MemManage_Handler                      0x0800575c   Section        0  stm32f4xx_it.o(i.MemManage_Handler)
    i.NMI_Handler                            0x0800575e   Section        0  stm32f4xx_it.o(i.NMI_Handler)
    i.PendSV_Handler                         0x08005760   Section        0  stm32f4xx_it.o(i.PendSV_Handler)
    i.Point                                  0x08005762   Section        0  windowsframe.o(i.Point)
    i.ReadCTP                                0x08005764   Section        0  touch.o(i.ReadCTP)
    i.Read_KeyStatus                         0x0800589c   Section        0  key.o(i.Read_KeyStatus)
    i.Read_aAsc16_Dot                        0x08005964   Section        0  w25q64.o(i.Read_aAsc16_Dot)
    i.Read_aAsc24_Dot                        0x08005976   Section        0  w25q64.o(i.Read_aAsc24_Dot)
    i.Read_aWord_Hzk16_Dot                   0x0800598c   Section        0  w25q64.o(i.Read_aWord_Hzk16_Dot)
    i.Read_aWord_Hzk24_Dot                   0x080059b4   Section        0  w25q64.o(i.Read_aWord_Hzk24_Dot)
    i.SPI_WaitFlagStateUntilTimeout          0x080059e0   Section        0  stm32f4xx_hal_spi.o(i.SPI_WaitFlagStateUntilTimeout)
    SPI_WaitFlagStateUntilTimeout            0x080059e1   Thumb Code   170  stm32f4xx_hal_spi.o(i.SPI_WaitFlagStateUntilTimeout)
    i.SVC_Handler                            0x08005a8a   Section        0  stm32f4xx_it.o(i.SVC_Handler)
    i.Spin_GpioInit                          0x08005a8c   Section        0  spin.o(i.Spin_GpioInit)
    i.SysTick_Handler                        0x08005ac4   Section        0  stm32f4xx_it.o(i.SysTick_Handler)
    i.SystemClock_Config                     0x08005ad4   Section        0  main.o(i.SystemClock_Config)
    i.SystemInit                             0x08005b74   Section        0  system_stm32f4xx.o(i.SystemInit)
    i.THD_Calculation                        0x08005bd0   Section        0  dataoperation.o(i.THD_Calculation)
    i.TIM4_IRQHandler                        0x08005ce8   Section        0  stm32f4xx_it.o(i.TIM4_IRQHandler)
    i.TIM5_IRQHandler                        0x08005cf4   Section        0  stm32f4xx_it.o(i.TIM5_IRQHandler)
    i.TIM7_IRQHandler                        0x08005d00   Section        0  stm32f4xx_it.o(i.TIM7_IRQHandler)
    i.TIM_Base_SetConfig                     0x08005d0c   Section        0  stm32f4xx_hal_tim.o(i.TIM_Base_SetConfig)
    i.UART_DMAAbortOnError                   0x08005dd0   Section        0  stm32f4xx_hal_uart.o(i.UART_DMAAbortOnError)
    UART_DMAAbortOnError                     0x08005dd1   Thumb Code    16  stm32f4xx_hal_uart.o(i.UART_DMAAbortOnError)
    i.UART_SetConfig                         0x08005de0   Section        0  stm32f4xx_hal_uart.o(i.UART_SetConfig)
    UART_SetConfig                           0x08005de1   Thumb Code   822  stm32f4xx_hal_uart.o(i.UART_SetConfig)
    i.USART1_IRQHandler                      0x08006124   Section        0  stm32f4xx_it.o(i.USART1_IRQHandler)
    i.UsageFault_Handler                     0x08006130   Section        0  stm32f4xx_it.o(i.UsageFault_Handler)
    i.W25Q64_CS_GPIO_Init                    0x08006134   Section        0  spi.o(i.W25Q64_CS_GPIO_Init)
    i.W25Q64_Read                            0x0800617c   Section        0  w25q64.o(i.W25Q64_Read)
    i.Windows_Draw_Line                      0x080061dc   Section        0  windowsframe.o(i.Windows_Draw_Line)
    i._Error_Handler                         0x0800635c   Section        0  main.o(i._Error_Handler)
    i.__0sprintf                             0x08006360   Section        0  printfa.o(i.__0sprintf)
    i.__hardfp_ceilf                         0x08006388   Section        0  ceilf.o(i.__hardfp_ceilf)
    i.__hardfp_floorf                        0x080063f4   Section        0  floorf.o(i.__hardfp_floorf)
    i.__hardfp_sqrt                          0x08006464   Section        0  sqrt.o(i.__hardfp_sqrt)
    i.__scatterload_copy                     0x080064de   Section       14  handlers.o(i.__scatterload_copy)
    i.__scatterload_null                     0x080064ec   Section        2  handlers.o(i.__scatterload_null)
    i.__scatterload_zeroinit                 0x080064ee   Section       14  handlers.o(i.__scatterload_zeroinit)
    i.__set_errno                            0x080064fc   Section        0  errno.o(i.__set_errno)
    i._fp_digits                             0x08006508   Section        0  printfa.o(i._fp_digits)
    _fp_digits                               0x08006509   Thumb Code   366  printfa.o(i._fp_digits)
    i._printf_core                           0x0800668c   Section        0  printfa.o(i._printf_core)
    _printf_core                             0x0800668d   Thumb Code  1744  printfa.o(i._printf_core)
    i._printf_post_padding                   0x08006d68   Section        0  printfa.o(i._printf_post_padding)
    _printf_post_padding                     0x08006d69   Thumb Code    36  printfa.o(i._printf_post_padding)
    i._printf_pre_padding                    0x08006d8c   Section        0  printfa.o(i._printf_pre_padding)
    _printf_pre_padding                      0x08006d8d   Thumb Code    46  printfa.o(i._printf_pre_padding)
    i._sputc                                 0x08006dba   Section        0  printfa.o(i._sputc)
    _sputc                                   0x08006dbb   Thumb Code    10  printfa.o(i._sputc)
    i.list_max                               0x08006dc4   Section        0  windowsframe.o(i.list_max)
    i.list_min                               0x08006e2e   Section        0  windowsframe.o(i.list_min)
    i.main                                   0x08006e98   Section        0  main.o(i.main)
    .constdata                               0x080074ac   Section        8  stm32f4xx_hal_dma.o(.constdata)
    flagBitshiftOffset                       0x080074ac   Data           8  stm32f4xx_hal_dma.o(.constdata)
    .constdata                               0x080074b4   Section       16  system_stm32f4xx.o(.constdata)
    .constdata                               0x080074c4   Section        8  system_stm32f4xx.o(.constdata)
    .constdata                               0x080074cc   Section     2048  arm_common_tables.o(.constdata)
    .constdata                               0x08007ccc   Section    32768  arm_common_tables.o(.constdata)
    .data                                    0x20000000   Section        4  stm32f4xx_hal.o(.data)
    .data                                    0x20000004   Section        1  adc.o(.data)
    .data                                    0x20000008   Section        8  fsmc.o(.data)
    FSMC_Initialized                         0x20000008   Data           4  fsmc.o(.data)
    FSMC_DeInitialized                       0x2000000c   Data           4  fsmc.o(.data)
    .data                                    0x20000010   Section       12  tim.o(.data)
    touchcount                               0x20000010   Data           1  tim.o(.data)
    keycount                                 0x20000011   Data           1  tim.o(.data)
    .data                                    0x2000001c   Section        4  usart.o(.data)
    .data                                    0x20000020   Section        4  touch.o(.data)
    .data                                    0x20000024   Section        4  touch.o(.data)
    .data                                    0x20000028   Section        4  system_stm32f4xx.o(.data)
    .data                                    0x2000002c   Section        4  errno.o(.data)
    _errno                                   0x2000002c   Data           4  errno.o(.data)
    .bss                                     0x20000030   Section     4096  adc.o(.bss)
    .bss                                     0x20001030   Section      168  adc.o(.bss)
    .bss                                     0x200010d8   Section       80  fsmc.o(.bss)
    .bss                                     0x20001128   Section       88  spi.o(.bss)
    .bss                                     0x20001180   Section      240  tim.o(.bss)
    .bss                                     0x20001270   Section      264  usart.o(.bss)
    .bss                                     0x20001378   Section       12  touch.o(.bss)
    ctplast                                  0x20001378   Data          12  touch.o(.bss)
    .bss                                     0x20001384   Section      128  windowsframe.o(.bss)
    .bss                                     0x20001404   Section      128  windowsframe.o(.bss)
    .bss                                     0x20001484   Section       64  windowsframe.o(.bss)
    .bss                                     0x200014c4   Section    24576  dataoperation.o(.bss)
    STACK                                    0x200074c8   Section        0  startup_stm32f407xx.o(STACK)

    Global Symbols

    Symbol Name                              Value     Ov Type        Size  Object(Section)

    BuildAttributes$$THM_ISAv4$E$P$D$K$B$S$7EM$VFPi3$EXTD16$VFPS$VFMA$PE$A:L22UL41UL21$X:L11$S22US41US21$IEEE1$IW$USESV6$~STKCKD$USESV7$~SHL$OTIME$ROPI$IEEEX$EBA8$MICROLIB$REQ8$PRES8$EABIv2 0x00000000   Number         0  anon$$obj.o ABSOLUTE
    __ARM_use_no_argv                        0x00000000   Number         0  main.o ABSOLUTE
    _printf_a                                0x00000000   Number         0  stubs.o ABSOLUTE
    _printf_c                                0x00000000   Number         0  stubs.o ABSOLUTE
    _printf_charcount                        0x00000000   Number         0  stubs.o ABSOLUTE
    _printf_d                                0x00000000   Number         0  stubs.o ABSOLUTE
    _printf_e                                0x00000000   Number         0  stubs.o ABSOLUTE
    _printf_f                                0x00000000   Number         0  stubs.o ABSOLUTE
    _printf_flags                            0x00000000   Number         0  stubs.o ABSOLUTE
    _printf_fp_dec                           0x00000000   Number         0  stubs.o ABSOLUTE
    _printf_fp_hex                           0x00000000   Number         0  stubs.o ABSOLUTE
    _printf_g                                0x00000000   Number         0  stubs.o ABSOLUTE
    _printf_i                                0x00000000   Number         0  stubs.o ABSOLUTE
    _printf_int_dec                          0x00000000   Number         0  stubs.o ABSOLUTE
    _printf_l                                0x00000000   Number         0  stubs.o ABSOLUTE
    _printf_lc                               0x00000000   Number         0  stubs.o ABSOLUTE
    _printf_ll                               0x00000000   Number         0  stubs.o ABSOLUTE
    _printf_lld                              0x00000000   Number         0  stubs.o ABSOLUTE
    _printf_lli                              0x00000000   Number         0  stubs.o ABSOLUTE
    _printf_llo                              0x00000000   Number         0  stubs.o ABSOLUTE
    _printf_llu                              0x00000000   Number         0  stubs.o ABSOLUTE
    _printf_llx                              0x00000000   Number         0  stubs.o ABSOLUTE
    _printf_longlong_dec                     0x00000000   Number         0  stubs.o ABSOLUTE
    _printf_longlong_hex                     0x00000000   Number         0  stubs.o ABSOLUTE
    _printf_longlong_oct                     0x00000000   Number         0  stubs.o ABSOLUTE
    _printf_ls                               0x00000000   Number         0  stubs.o ABSOLUTE
    _printf_mbtowc                           0x00000000   Number         0  stubs.o ABSOLUTE
    _printf_n                                0x00000000   Number         0  stubs.o ABSOLUTE
    _printf_o                                0x00000000   Number         0  stubs.o ABSOLUTE
    _printf_p                                0x00000000   Number         0  stubs.o ABSOLUTE
    _printf_percent                          0x00000000   Number         0  stubs.o ABSOLUTE
    _printf_pre_padding                      0x00000000   Number         0  stubs.o ABSOLUTE
    _printf_return_value                     0x00000000   Number         0  stubs.o ABSOLUTE
    _printf_s                                0x00000000   Number         0  stubs.o ABSOLUTE
    _printf_sizespec                         0x00000000   Number         0  stubs.o ABSOLUTE
    _printf_str                              0x00000000   Number         0  stubs.o ABSOLUTE
    _printf_truncate_signed                  0x00000000   Number         0  stubs.o ABSOLUTE
    _printf_truncate_unsigned                0x00000000   Number         0  stubs.o ABSOLUTE
    _printf_u                                0x00000000   Number         0  stubs.o ABSOLUTE
    _printf_wc                               0x00000000   Number         0  stubs.o ABSOLUTE
    _printf_wctomb                           0x00000000   Number         0  stubs.o ABSOLUTE
    _printf_widthprec                        0x00000000   Number         0  stubs.o ABSOLUTE
    _printf_x                                0x00000000   Number         0  stubs.o ABSOLUTE
    __cpp_initialize__aeabi_                  - Undefined Weak Reference
    __cxa_finalize                            - Undefined Weak Reference
    __decompress                              - Undefined Weak Reference
    _clock_init                               - Undefined Weak Reference
    _microlib_exit                            - Undefined Weak Reference
    __Vectors_Size                           0x00000188   Number         0  startup_stm32f407xx.o ABSOLUTE
    __Vectors                                0x08000000   Data           4  startup_stm32f407xx.o(RESET)
    __Vectors_End                            0x08000188   Data           0  startup_stm32f407xx.o(RESET)
    __main                                   0x08000189   Thumb Code     0  entry.o(.ARM.Collect$$$$00000000)
    _main_stk                                0x08000189   Thumb Code     0  entry2.o(.ARM.Collect$$$$00000001)
    _main_scatterload                        0x0800018d   Thumb Code     0  entry5.o(.ARM.Collect$$$$00000004)
    __main_after_scatterload                 0x08000191   Thumb Code     0  entry5.o(.ARM.Collect$$$$00000004)
    _main_clock                              0x08000191   Thumb Code     0  entry7b.o(.ARM.Collect$$$$00000008)
    _main_cpp_init                           0x08000191   Thumb Code     0  entry8b.o(.ARM.Collect$$$$0000000A)
    _main_init                               0x08000191   Thumb Code     0  entry9a.o(.ARM.Collect$$$$0000000B)
    __rt_final_cpp                           0x08000199   Thumb Code     0  entry10a.o(.ARM.Collect$$$$0000000D)
    __rt_final_exit                          0x08000199   Thumb Code     0  entry11a.o(.ARM.Collect$$$$0000000F)
    Reset_Handler                            0x0800019d   Thumb Code     8  startup_stm32f407xx.o(.text)
    ADC_IRQHandler                           0x080001b7   Thumb Code     0  startup_stm32f407xx.o(.text)
    CAN1_RX0_IRQHandler                      0x080001b7   Thumb Code     0  startup_stm32f407xx.o(.text)
    CAN1_RX1_IRQHandler                      0x080001b7   Thumb Code     0  startup_stm32f407xx.o(.text)
    CAN1_SCE_IRQHandler                      0x080001b7   Thumb Code     0  startup_stm32f407xx.o(.text)
    CAN1_TX_IRQHandler                       0x080001b7   Thumb Code     0  startup_stm32f407xx.o(.text)
    CAN2_RX0_IRQHandler                      0x080001b7   Thumb Code     0  startup_stm32f407xx.o(.text)
    CAN2_RX1_IRQHandler                      0x080001b7   Thumb Code     0  startup_stm32f407xx.o(.text)
    CAN2_SCE_IRQHandler                      0x080001b7   Thumb Code     0  startup_stm32f407xx.o(.text)
    CAN2_TX_IRQHandler                       0x080001b7   Thumb Code     0  startup_stm32f407xx.o(.text)
    DCMI_IRQHandler                          0x080001b7   Thumb Code     0  startup_stm32f407xx.o(.text)
    DMA1_Stream0_IRQHandler                  0x080001b7   Thumb Code     0  startup_stm32f407xx.o(.text)
    DMA1_Stream1_IRQHandler                  0x080001b7   Thumb Code     0  startup_stm32f407xx.o(.text)
    DMA1_Stream2_IRQHandler                  0x080001b7   Thumb Code     0  startup_stm32f407xx.o(.text)
    DMA1_Stream3_IRQHandler                  0x080001b7   Thumb Code     0  startup_stm32f407xx.o(.text)
    DMA1_Stream4_IRQHandler                  0x080001b7   Thumb Code     0  startup_stm32f407xx.o(.text)
    DMA1_Stream5_IRQHandler                  0x080001b7   Thumb Code     0  startup_stm32f407xx.o(.text)
    DMA1_Stream6_IRQHandler                  0x080001b7   Thumb Code     0  startup_stm32f407xx.o(.text)
    DMA1_Stream7_IRQHandler                  0x080001b7   Thumb Code     0  startup_stm32f407xx.o(.text)
    DMA2_Stream1_IRQHandler                  0x080001b7   Thumb Code     0  startup_stm32f407xx.o(.text)
    DMA2_Stream2_IRQHandler                  0x080001b7   Thumb Code     0  startup_stm32f407xx.o(.text)
    DMA2_Stream3_IRQHandler                  0x080001b7   Thumb Code     0  startup_stm32f407xx.o(.text)
    DMA2_Stream4_IRQHandler                  0x080001b7   Thumb Code     0  startup_stm32f407xx.o(.text)
    DMA2_Stream5_IRQHandler                  0x080001b7   Thumb Code     0  startup_stm32f407xx.o(.text)
    DMA2_Stream6_IRQHandler                  0x080001b7   Thumb Code     0  startup_stm32f407xx.o(.text)
    DMA2_Stream7_IRQHandler                  0x080001b7   Thumb Code     0  startup_stm32f407xx.o(.text)
    ETH_IRQHandler                           0x080001b7   Thumb Code     0  startup_stm32f407xx.o(.text)
    ETH_WKUP_IRQHandler                      0x080001b7   Thumb Code     0  startup_stm32f407xx.o(.text)
    EXTI0_IRQHandler                         0x080001b7   Thumb Code     0  startup_stm32f407xx.o(.text)
    EXTI15_10_IRQHandler                     0x080001b7   Thumb Code     0  startup_stm32f407xx.o(.text)
    EXTI1_IRQHandler                         0x080001b7   Thumb Code     0  startup_stm32f407xx.o(.text)
    EXTI2_IRQHandler                         0x080001b7   Thumb Code     0  startup_stm32f407xx.o(.text)
    EXTI3_IRQHandler                         0x080001b7   Thumb Code     0  startup_stm32f407xx.o(.text)
    EXTI4_IRQHandler                         0x080001b7   Thumb Code     0  startup_stm32f407xx.o(.text)
    FLASH_IRQHandler                         0x080001b7   Thumb Code     0  startup_stm32f407xx.o(.text)
    FMC_IRQHandler                           0x080001b7   Thumb Code     0  startup_stm32f407xx.o(.text)
    FPU_IRQHandler                           0x080001b7   Thumb Code     0  startup_stm32f407xx.o(.text)
    HASH_RNG_IRQHandler                      0x080001b7   Thumb Code     0  startup_stm32f407xx.o(.text)
    I2C1_ER_IRQHandler                       0x080001b7   Thumb Code     0  startup_stm32f407xx.o(.text)
    I2C1_EV_IRQHandler                       0x080001b7   Thumb Code     0  startup_stm32f407xx.o(.text)
    I2C2_ER_IRQHandler                       0x080001b7   Thumb Code     0  startup_stm32f407xx.o(.text)
    I2C2_EV_IRQHandler                       0x080001b7   Thumb Code     0  startup_stm32f407xx.o(.text)
    I2C3_ER_IRQHandler                       0x080001b7   Thumb Code     0  startup_stm32f407xx.o(.text)
    I2C3_EV_IRQHandler                       0x080001b7   Thumb Code     0  startup_stm32f407xx.o(.text)
    OTG_FS_IRQHandler                        0x080001b7   Thumb Code     0  startup_stm32f407xx.o(.text)
    OTG_FS_WKUP_IRQHandler                   0x080001b7   Thumb Code     0  startup_stm32f407xx.o(.text)
    OTG_HS_EP1_IN_IRQHandler                 0x080001b7   Thumb Code     0  startup_stm32f407xx.o(.text)
    OTG_HS_EP1_OUT_IRQHandler                0x080001b7   Thumb Code     0  startup_stm32f407xx.o(.text)
    OTG_HS_IRQHandler                        0x080001b7   Thumb Code     0  startup_stm32f407xx.o(.text)
    OTG_HS_WKUP_IRQHandler                   0x080001b7   Thumb Code     0  startup_stm32f407xx.o(.text)
    PVD_IRQHandler                           0x080001b7   Thumb Code     0  startup_stm32f407xx.o(.text)
    RCC_IRQHandler                           0x080001b7   Thumb Code     0  startup_stm32f407xx.o(.text)
    RTC_Alarm_IRQHandler                     0x080001b7   Thumb Code     0  startup_stm32f407xx.o(.text)
    RTC_WKUP_IRQHandler                      0x080001b7   Thumb Code     0  startup_stm32f407xx.o(.text)
    SDIO_IRQHandler                          0x080001b7   Thumb Code     0  startup_stm32f407xx.o(.text)
    SPI1_IRQHandler                          0x080001b7   Thumb Code     0  startup_stm32f407xx.o(.text)
    SPI2_IRQHandler                          0x080001b7   Thumb Code     0  startup_stm32f407xx.o(.text)
    SPI3_IRQHandler                          0x080001b7   Thumb Code     0  startup_stm32f407xx.o(.text)
    TAMP_STAMP_IRQHandler                    0x080001b7   Thumb Code     0  startup_stm32f407xx.o(.text)
    TIM1_BRK_TIM9_IRQHandler                 0x080001b7   Thumb Code     0  startup_stm32f407xx.o(.text)
    TIM1_CC_IRQHandler                       0x080001b7   Thumb Code     0  startup_stm32f407xx.o(.text)
    TIM1_TRG_COM_TIM11_IRQHandler            0x080001b7   Thumb Code     0  startup_stm32f407xx.o(.text)
    TIM1_UP_TIM10_IRQHandler                 0x080001b7   Thumb Code     0  startup_stm32f407xx.o(.text)
    TIM2_IRQHandler                          0x080001b7   Thumb Code     0  startup_stm32f407xx.o(.text)
    TIM3_IRQHandler                          0x080001b7   Thumb Code     0  startup_stm32f407xx.o(.text)
    TIM6_DAC_IRQHandler                      0x080001b7   Thumb Code     0  startup_stm32f407xx.o(.text)
    TIM8_BRK_TIM12_IRQHandler                0x080001b7   Thumb Code     0  startup_stm32f407xx.o(.text)
    TIM8_CC_IRQHandler                       0x080001b7   Thumb Code     0  startup_stm32f407xx.o(.text)
    TIM8_TRG_COM_TIM14_IRQHandler            0x080001b7   Thumb Code     0  startup_stm32f407xx.o(.text)
    TIM8_UP_TIM13_IRQHandler                 0x080001b7   Thumb Code     0  startup_stm32f407xx.o(.text)
    UART4_IRQHandler                         0x080001b7   Thumb Code     0  startup_stm32f407xx.o(.text)
    UART5_IRQHandler                         0x080001b7   Thumb Code     0  startup_stm32f407xx.o(.text)
    USART2_IRQHandler                        0x080001b7   Thumb Code     0  startup_stm32f407xx.o(.text)
    USART3_IRQHandler                        0x080001b7   Thumb Code     0  startup_stm32f407xx.o(.text)
    USART6_IRQHandler                        0x080001b7   Thumb Code     0  startup_stm32f407xx.o(.text)
    WWDG_IRQHandler                          0x080001b7   Thumb Code     0  startup_stm32f407xx.o(.text)
    arm_cmplx_mag_f32                        0x080001c1   Thumb Code   236  arm_cmplx_mag_f32.o(.text)
    arm_radix4_butterfly_f32                 0x080002b1   Thumb Code   800  arm_cfft_radix4_f32.o(.text)
    arm_radix4_butterfly_inverse_f32         0x080005d1   Thumb Code   836  arm_cfft_radix4_f32.o(.text)
    arm_cfft_radix4_f32                      0x08000915   Thumb Code    60  arm_cfft_radix4_f32.o(.text)
    arm_cfft_radix4_init_f32                 0x08000951   Thumb Code   146  arm_cfft_radix4_init_f32.o(.text)
    arm_bitreversal_f32                      0x08000a11   Thumb Code   178  arm_bitreversal.o(.text)
    arm_bitreversal_q31                      0x08000ac3   Thumb Code   180  arm_bitreversal.o(.text)
    arm_bitreversal_q15                      0x08000b77   Thumb Code   128  arm_bitreversal.o(.text)
    __aeabi_memcpy                           0x08000bf7   Thumb Code    36  memcpya.o(.text)
    __aeabi_memcpy4                          0x08000bf7   Thumb Code     0  memcpya.o(.text)
    __aeabi_memcpy8                          0x08000bf7   Thumb Code     0  memcpya.o(.text)
    strlen                                   0x08000c1b   Thumb Code    14  strlen.o(.text)
    strcpy                                   0x08000c29   Thumb Code    18  strcpy.o(.text)
    __aeabi_dadd                             0x08000c3b   Thumb Code   322  dadd.o(.text)
    __aeabi_dsub                             0x08000d7d   Thumb Code     6  dadd.o(.text)
    __aeabi_drsub                            0x08000d83   Thumb Code     6  dadd.o(.text)
    __aeabi_dmul                             0x08000d89   Thumb Code   228  dmul.o(.text)
    __aeabi_ddiv                             0x08000e6d   Thumb Code   222  ddiv.o(.text)
    __aeabi_ui2d                             0x08000f4b   Thumb Code    26  dfltui.o(.text)
    __aeabi_d2uiz                            0x08000f65   Thumb Code    50  dfixui.o(.text)
    __aeabi_f2d                              0x08000f97   Thumb Code    38  f2d.o(.text)
    __aeabi_cdrcmple                         0x08000fbd   Thumb Code    48  cdrcmple.o(.text)
    __aeabi_d2f                              0x08000fed   Thumb Code    56  d2f.o(.text)
    __aeabi_uidiv                            0x08001025   Thumb Code     0  uidiv.o(.text)
    __aeabi_uidivmod                         0x08001025   Thumb Code    44  uidiv.o(.text)
    __aeabi_uldivmod                         0x08001051   Thumb Code    98  uldiv.o(.text)
    __aeabi_llsl                             0x080010b3   Thumb Code    30  llshl.o(.text)
    _ll_shift_l                              0x080010b3   Thumb Code     0  llshl.o(.text)
    __aeabi_llsr                             0x080010d1   Thumb Code    32  llushr.o(.text)
    _ll_ushift_r                             0x080010d1   Thumb Code     0  llushr.o(.text)
    __aeabi_lasr                             0x080010f1   Thumb Code    36  llsshr.o(.text)
    _ll_sshift_r                             0x080010f1   Thumb Code     0  llsshr.o(.text)
    __I$use$fp                               0x08001115   Thumb Code     0  iusefp.o(.text)
    _float_round                             0x08001115   Thumb Code    18  fepilogue.o(.text)
    _float_epilogue                          0x08001127   Thumb Code    92  fepilogue.o(.text)
    _double_round                            0x08001183   Thumb Code    30  depilogue.o(.text)
    _double_epilogue                         0x080011a1   Thumb Code   156  depilogue.o(.text)
    _dsqrt                                   0x0800123d   Thumb Code   162  dsqrt.o(.text)
    __aeabi_d2ulz                            0x080012df   Thumb Code    48  dfixul.o(.text)
    __scatterload                            0x08001311   Thumb Code    28  init.o(.text)
    __scatterload_rt2                        0x08001311   Thumb Code     0  init.o(.text)
    AC_Coupling                              0x08001335   Thumb Code    80  dataoperation.o(i.AC_Coupling)
    ADC2FFTbuffer                            0x08001391   Thumb Code    88  dataoperation.o(i.ADC2FFTbuffer)
    ADCBuf_Init                              0x080013f5   Thumb Code    28  dataoperation.o(i.ADCBuf_Init)
    ADCBuf_Normalize                         0x08001419   Thumb Code   136  dataoperation.o(i.ADCBuf_Normalize)
    BusFault_Handler                         0x08001539   Thumb Code     2  stm32f4xx_it.o(i.BusFault_Handler)
    Button_Checkpos                          0x0800153b   Thumb Code    96  windowsframe.o(i.Button_Checkpos)
    Button_init                              0x0800159b   Thumb Code    76  windowsframe.o(i.Button_init)
    Button_plot                              0x080015e7   Thumb Code   252  windowsframe.o(i.Button_plot)
    DMA2_Stream0_IRQHandler                  0x080016e5   Thumb Code     6  stm32f4xx_it.o(i.DMA2_Stream0_IRQHandler)
    DebugMon_Handler                         0x080016f1   Thumb Code     2  stm32f4xx_it.o(i.DebugMon_Handler)
    EXTI9_5_IRQHandler                       0x080016f3   Thumb Code     8  stm32f4xx_it.o(i.EXTI9_5_IRQHandler)
    Exti_Test_GPIO_Init                      0x080016fd   Thumb Code    82  exti_test.o(i.Exti_Test_GPIO_Init)
    FFT_Cal                                  0x08001761   Thumb Code   142  dataoperation.o(i.FFT_Cal)
    FSMC_NORSRAM_Extended_Timing_Init        0x08001811   Thumb Code    70  stm32f4xx_ll_fsmc.o(i.FSMC_NORSRAM_Extended_Timing_Init)
    FSMC_NORSRAM_Init                        0x0800185d   Thumb Code    88  stm32f4xx_ll_fsmc.o(i.FSMC_NORSRAM_Init)
    FSMC_NORSRAM_Timing_Init                 0x080018b9   Thumb Code    80  stm32f4xx_ll_fsmc.o(i.FSMC_NORSRAM_Timing_Init)
    FT6206_Read_Reg                          0x0800190d   Thumb Code   222  touch.o(i.FT6206_Read_Reg)
    FT6336_I2C_GPIO_Init                     0x080019f1   Thumb Code    76  touch.o(i.FT6336_I2C_GPIO_Init)
    Figure_Checkpos                          0x08001a45   Thumb Code    96  windowsframe.o(i.Figure_Checkpos)
    Figure_bound_data                        0x08001aa5   Thumb Code    60  windowsframe.o(i.Figure_bound_data)
    Figure_init                              0x08001ae1   Thumb Code    56  windowsframe.o(i.Figure_init)
    Figure_line_plot                         0x08001b19   Thumb Code  1164  windowsframe.o(i.Figure_line_plot)
    Figure_window_plot                       0x08001fe9   Thumb Code   216  windowsframe.o(i.Figure_window_plot)
    Gui_Draw_Asc16_Hzk16                     0x080020c1   Thumb Code   252  gui.o(i.Gui_Draw_Asc16_Hzk16)
    Gui_Draw_Asc24_Hzk24                     0x080021c1   Thumb Code   362  gui.o(i.Gui_Draw_Asc24_Hzk24)
    Gui_Draw_aPixel                          0x08002331   Thumb Code    14  gui.o(i.Gui_Draw_aPixel)
    HAL_ADC_ConfigChannel                    0x08002345   Thumb Code   416  stm32f4xx_hal_adc.o(i.HAL_ADC_ConfigChannel)
    HAL_ADC_ConvCpltCallback                 0x080024f5   Thumb Code    40  adc.o(i.HAL_ADC_ConvCpltCallback)
    HAL_ADC_ConvHalfCpltCallback             0x08002525   Thumb Code     2  stm32f4xx_hal_adc.o(i.HAL_ADC_ConvHalfCpltCallback)
    HAL_ADC_ErrorCallback                    0x08002527   Thumb Code     2  stm32f4xx_hal_adc.o(i.HAL_ADC_ErrorCallback)
    HAL_ADC_Init                             0x08002529   Thumb Code   366  stm32f4xx_hal_adc.o(i.HAL_ADC_Init)
    HAL_ADC_MspInit                          0x080026a1   Thumb Code   124  adc.o(i.HAL_ADC_MspInit)
    HAL_ADC_Start_DMA                        0x0800273d   Thumb Code   328  stm32f4xx_hal_adc.o(i.HAL_ADC_Start_DMA)
    HAL_DMA_Abort_IT                         0x0800289d   Thumb Code    36  stm32f4xx_hal_dma.o(i.HAL_DMA_Abort_IT)
    HAL_DMA_IRQHandler                       0x080028c1   Thumb Code   474  stm32f4xx_hal_dma.o(i.HAL_DMA_IRQHandler)
    HAL_DMA_Init                             0x08002aa9   Thumb Code   334  stm32f4xx_hal_dma.o(i.HAL_DMA_Init)
    HAL_DMA_Start_IT                         0x08002c05   Thumb Code   156  stm32f4xx_hal_dma.o(i.HAL_DMA_Start_IT)
    HAL_GPIO_EXTI_Callback                   0x08002ca1   Thumb Code    50  exti_test.o(i.HAL_GPIO_EXTI_Callback)
    HAL_GPIO_EXTI_IRQHandler                 0x08002cdd   Thumb Code    20  stm32f4xx_hal_gpio.o(i.HAL_GPIO_EXTI_IRQHandler)
    HAL_GPIO_Init                            0x08002cf5   Thumb Code   552  stm32f4xx_hal_gpio.o(i.HAL_GPIO_Init)
    HAL_GPIO_ReadPin                         0x08002f31   Thumb Code    10  stm32f4xx_hal_gpio.o(i.HAL_GPIO_ReadPin)
    HAL_GPIO_TogglePin                       0x08002f3b   Thumb Code     8  stm32f4xx_hal_gpio.o(i.HAL_GPIO_TogglePin)
    HAL_GPIO_WritePin                        0x08002f43   Thumb Code    10  stm32f4xx_hal_gpio.o(i.HAL_GPIO_WritePin)
    HAL_GetTick                              0x08002f4d   Thumb Code     6  stm32f4xx_hal.o(i.HAL_GetTick)
    HAL_IncTick                              0x08002f59   Thumb Code    10  stm32f4xx_hal.o(i.HAL_IncTick)
    HAL_Init                                 0x08002f69   Thumb Code    48  stm32f4xx_hal.o(i.HAL_Init)
    HAL_InitTick                             0x08002f9d   Thumb Code    34  stm32f4xx_hal.o(i.HAL_InitTick)
    HAL_MspInit                              0x08002fc5   Thumb Code   124  stm32f4xx_hal_msp.o(i.HAL_MspInit)
    HAL_NVIC_EnableIRQ                       0x08003049   Thumb Code    24  stm32f4xx_hal_cortex.o(i.HAL_NVIC_EnableIRQ)
    HAL_NVIC_SetPriority                     0x08003061   Thumb Code    96  stm32f4xx_hal_cortex.o(i.HAL_NVIC_SetPriority)
    HAL_NVIC_SetPriorityGrouping             0x080030c5   Thumb Code    30  stm32f4xx_hal_cortex.o(i.HAL_NVIC_SetPriorityGrouping)
    HAL_RCC_ClockConfig                      0x080030e9   Thumb Code   388  stm32f4xx_hal_rcc.o(i.HAL_RCC_ClockConfig)
    HAL_RCC_GetHCLKFreq                      0x08003281   Thumb Code     6  stm32f4xx_hal_rcc.o(i.HAL_RCC_GetHCLKFreq)
    HAL_RCC_GetPCLK1Freq                     0x0800328d   Thumb Code    34  stm32f4xx_hal_rcc.o(i.HAL_RCC_GetPCLK1Freq)
    HAL_RCC_GetPCLK2Freq                     0x080032bd   Thumb Code    34  stm32f4xx_hal_rcc.o(i.HAL_RCC_GetPCLK2Freq)
    HAL_RCC_GetSysClockFreq                  0x080032ed   Thumb Code   132  stm32f4xx_hal_rcc.o(i.HAL_RCC_GetSysClockFreq)
    HAL_RCC_OscConfig                        0x08003381   Thumb Code   920  stm32f4xx_hal_rcc.o(i.HAL_RCC_OscConfig)
    HAL_SPI_Init                             0x0800373d   Thumb Code   128  stm32f4xx_hal_spi.o(i.HAL_SPI_Init)
    HAL_SPI_MspInit                          0x080037bd   Thumb Code    90  spi.o(i.HAL_SPI_MspInit)
    HAL_SPI_TransmitReceive                  0x08003825   Thumb Code   526  stm32f4xx_hal_spi.o(i.HAL_SPI_TransmitReceive)
    HAL_SRAM_Init                            0x08003a33   Thumb Code    86  stm32f4xx_hal_sram.o(i.HAL_SRAM_Init)
    HAL_SRAM_MspInit                         0x08003a89   Thumb Code   128  fsmc.o(i.HAL_SRAM_MspInit)
    HAL_SYSTICK_CLKSourceConfig              0x08003b1d   Thumb Code    22  stm32f4xx_hal_cortex.o(i.HAL_SYSTICK_CLKSourceConfig)
    HAL_SYSTICK_Callback                     0x08003b33   Thumb Code     2  stm32f4xx_hal_cortex.o(i.HAL_SYSTICK_Callback)
    HAL_SYSTICK_Config                       0x08003b35   Thumb Code    38  stm32f4xx_hal_cortex.o(i.HAL_SYSTICK_Config)
    HAL_SYSTICK_IRQHandler                   0x08003b61   Thumb Code     8  stm32f4xx_hal_cortex.o(i.HAL_SYSTICK_IRQHandler)
    HAL_TIMEx_BreakCallback                  0x08003b69   Thumb Code     2  stm32f4xx_hal_tim_ex.o(i.HAL_TIMEx_BreakCallback)
    HAL_TIMEx_CommutationCallback            0x08003b6b   Thumb Code     2  stm32f4xx_hal_tim_ex.o(i.HAL_TIMEx_CommutationCallback)
    HAL_TIMEx_MasterConfigSynchronization    0x08003b6d   Thumb Code   100  stm32f4xx_hal_tim_ex.o(i.HAL_TIMEx_MasterConfigSynchronization)
    HAL_TIM_Base_Init                        0x08003bd1   Thumb Code    54  stm32f4xx_hal_tim.o(i.HAL_TIM_Base_Init)
    HAL_TIM_Base_MspInit                     0x08003c09   Thumb Code   178  tim.o(i.HAL_TIM_Base_MspInit)
    HAL_TIM_Base_Start_IT                    0x08003cd1   Thumb Code    24  stm32f4xx_hal_tim.o(i.HAL_TIM_Base_Start_IT)
    HAL_TIM_Base_Stop                        0x08003ce9   Thumb Code    44  stm32f4xx_hal_tim.o(i.HAL_TIM_Base_Stop)
    HAL_TIM_Base_Stop_IT                     0x08003d15   Thumb Code    42  stm32f4xx_hal_tim.o(i.HAL_TIM_Base_Stop_IT)
    HAL_TIM_ConfigClockSource                0x08003d3f   Thumb Code   440  stm32f4xx_hal_tim.o(i.HAL_TIM_ConfigClockSource)
    HAL_TIM_IC_CaptureCallback               0x08003ef7   Thumb Code     2  stm32f4xx_hal_tim.o(i.HAL_TIM_IC_CaptureCallback)
    HAL_TIM_IRQHandler                       0x08003ef9   Thumb Code   364  stm32f4xx_hal_tim.o(i.HAL_TIM_IRQHandler)
    HAL_TIM_OC_DelayElapsedCallback          0x08004065   Thumb Code     2  stm32f4xx_hal_tim.o(i.HAL_TIM_OC_DelayElapsedCallback)
    HAL_TIM_PWM_ConfigChannel                0x08004069   Thumb Code   560  stm32f4xx_hal_tim.o(i.HAL_TIM_PWM_ConfigChannel)
    HAL_TIM_PWM_Init                         0x080042a1   Thumb Code    54  stm32f4xx_hal_tim.o(i.HAL_TIM_PWM_Init)
    HAL_TIM_PWM_MspInit                      0x080042d7   Thumb Code     2  stm32f4xx_hal_tim.o(i.HAL_TIM_PWM_MspInit)
    HAL_TIM_PWM_PulseFinishedCallback        0x080042d9   Thumb Code     2  stm32f4xx_hal_tim.o(i.HAL_TIM_PWM_PulseFinishedCallback)
    HAL_TIM_PWM_Start                        0x080042db   Thumb Code    64  stm32f4xx_hal_tim.o(i.HAL_TIM_PWM_Start)
    HAL_TIM_PWM_Start_IT                     0x0800431b   Thumb Code   116  stm32f4xx_hal_tim.o(i.HAL_TIM_PWM_Start_IT)
    HAL_TIM_PWM_Stop                         0x0800438f   Thumb Code   118  stm32f4xx_hal_tim.o(i.HAL_TIM_PWM_Stop)
    HAL_TIM_PeriodElapsedCallback            0x08004405   Thumb Code   124  tim.o(i.HAL_TIM_PeriodElapsedCallback)
    HAL_TIM_TriggerCallback                  0x0800448d   Thumb Code     2  stm32f4xx_hal_tim.o(i.HAL_TIM_TriggerCallback)
    HAL_UART_ErrorCallback                   0x0800448f   Thumb Code     2  stm32f4xx_hal_uart.o(i.HAL_UART_ErrorCallback)
    HAL_UART_IRQHandler                      0x08004491   Thumb Code   658  stm32f4xx_hal_uart.o(i.HAL_UART_IRQHandler)
    HAL_UART_Init                            0x08004729   Thumb Code    98  stm32f4xx_hal_uart.o(i.HAL_UART_Init)
    HAL_UART_MspInit                         0x0800478d   Thumb Code    72  usart.o(i.HAL_UART_MspInit)
    HAL_UART_Receive_IT                      0x080047dd   Thumb Code    74  stm32f4xx_hal_uart.o(i.HAL_UART_Receive_IT)
    HAL_UART_RxCpltCallback                  0x08004829   Thumb Code    48  usart.o(i.HAL_UART_RxCpltCallback)
    HAL_UART_TxCpltCallback                  0x08004865   Thumb Code     2  usart.o(i.HAL_UART_TxCpltCallback)
    HardFault_Handler                        0x08004867   Thumb Code     2  stm32f4xx_it.o(i.HardFault_Handler)
    I2C1_Read_Byte                           0x08004869   Thumb Code   220  touch.o(i.I2C1_Read_Byte)
    I2C1_Send_Byte                           0x08004949   Thumb Code   140  touch.o(i.I2C1_Send_Byte)
    I2C1_Stop                                0x080049d9   Thumb Code    70  touch.o(i.I2C1_Stop)
    I2C1_WaitAck                             0x08004a25   Thumb Code   180  touch.o(i.I2C1_WaitAck)
    IO_GPIO_Init                             0x08004add   Thumb Code    56  key.o(i.IO_GPIO_Init)
    Init_KeyStatus                           0x08004b1d   Thumb Code    12  key.o(i.Init_KeyStatus)
    Key_GPIO_Init                            0x08004b29   Thumb Code    46  key.o(i.Key_GPIO_Init)
    Key_Process                              0x08004b61   Thumb Code   110  key.o(i.Key_Process)
    LCD_Initialize                           0x08004bd9   Thumb Code   880  lcd_drive.o(i.LCD_Initialize)
    LED_GPIO_Init                            0x08004f59   Thumb Code   136  led.o(i.LED_GPIO_Init)
    Lcd_Clear_All                            0x08004fed   Thumb Code    54  lcd_drive.o(i.Lcd_Clear_All)
    Lcd_Clear_Some_Area                      0x08005029   Thumb Code   124  lcd_drive.o(i.Lcd_Clear_Some_Area)
    Lcd_Set_Region                           0x080050a9   Thumb Code    86  lcd_drive.o(i.Lcd_Set_Region)
    Lcd_Set_XY                               0x08005105   Thumb Code    40  lcd_drive.o(i.Lcd_Set_XY)
    MX_ADC1_Init                             0x08005131   Thumb Code   100  adc.o(i.MX_ADC1_Init)
    MX_DMA_Init                              0x080051ad   Thumb Code    24  dma.o(i.MX_DMA_Init)
    MX_FSMC_Init                             0x080051c9   Thumb Code   102  fsmc.o(i.MX_FSMC_Init)
    MX_GPIO_Init                             0x08005249   Thumb Code   416  gpio.o(i.MX_GPIO_Init)
    MX_SPI2_Init                             0x0800540d   Thumb Code    68  spi.o(i.MX_SPI2_Init)
    MX_TIM2_Init                             0x08005469   Thumb Code   202  tim.o(i.MX_TIM2_Init)
    MX_TIM4_Init                             0x08005551   Thumb Code   194  tim.o(i.MX_TIM4_Init)
    MX_TIM5_Init                             0x08005635   Thumb Code    96  tim.o(i.MX_TIM5_Init)
    MX_TIM7_Init                             0x080056b1   Thumb Code    70  tim.o(i.MX_TIM7_Init)
    MX_USART1_UART_Init                      0x08005711   Thumb Code    52  usart.o(i.MX_USART1_UART_Init)
    MemManage_Handler                        0x0800575d   Thumb Code     2  stm32f4xx_it.o(i.MemManage_Handler)
    NMI_Handler                              0x0800575f   Thumb Code     2  stm32f4xx_it.o(i.NMI_Handler)
    PendSV_Handler                           0x08005761   Thumb Code     2  stm32f4xx_it.o(i.PendSV_Handler)
    Point                                    0x08005763   Thumb Code     2  windowsframe.o(i.Point)
    ReadCTP                                  0x08005765   Thumb Code   308  touch.o(i.ReadCTP)
    Read_KeyStatus                           0x0800589d   Thumb Code   194  key.o(i.Read_KeyStatus)
    Read_aAsc16_Dot                          0x08005965   Thumb Code    18  w25q64.o(i.Read_aAsc16_Dot)
    Read_aAsc24_Dot                          0x08005977   Thumb Code    22  w25q64.o(i.Read_aAsc24_Dot)
    Read_aWord_Hzk16_Dot                     0x0800598d   Thumb Code    36  w25q64.o(i.Read_aWord_Hzk16_Dot)
    Read_aWord_Hzk24_Dot                     0x080059b5   Thumb Code    40  w25q64.o(i.Read_aWord_Hzk24_Dot)
    SVC_Handler                              0x08005a8b   Thumb Code     2  stm32f4xx_it.o(i.SVC_Handler)
    Spin_GpioInit                            0x08005a8d   Thumb Code    46  spin.o(i.Spin_GpioInit)
    SysTick_Handler                          0x08005ac5   Thumb Code    14  stm32f4xx_it.o(i.SysTick_Handler)
    SystemClock_Config                       0x08005ad5   Thumb Code   152  main.o(i.SystemClock_Config)
    SystemInit                               0x08005b75   Thumb Code    64  system_stm32f4xx.o(i.SystemInit)
    THD_Calculation                          0x08005bd1   Thumb Code   216  dataoperation.o(i.THD_Calculation)
    TIM4_IRQHandler                          0x08005ce9   Thumb Code     6  stm32f4xx_it.o(i.TIM4_IRQHandler)
    TIM5_IRQHandler                          0x08005cf5   Thumb Code     6  stm32f4xx_it.o(i.TIM5_IRQHandler)
    TIM7_IRQHandler                          0x08005d01   Thumb Code     6  stm32f4xx_it.o(i.TIM7_IRQHandler)
    TIM_Base_SetConfig                       0x08005d0d   Thumb Code   176  stm32f4xx_hal_tim.o(i.TIM_Base_SetConfig)
    USART1_IRQHandler                        0x08006125   Thumb Code     6  stm32f4xx_it.o(i.USART1_IRQHandler)
    UsageFault_Handler                       0x08006131   Thumb Code     2  stm32f4xx_it.o(i.UsageFault_Handler)
    W25Q64_CS_GPIO_Init                      0x08006135   Thumb Code    62  spi.o(i.W25Q64_CS_GPIO_Init)
    W25Q64_Read                              0x0800617d   Thumb Code    88  w25q64.o(i.W25Q64_Read)
    Windows_Draw_Line                        0x080061dd   Thumb Code   378  windowsframe.o(i.Windows_Draw_Line)
    _Error_Handler                           0x0800635d   Thumb Code     2  main.o(i._Error_Handler)
    __0sprintf                               0x08006361   Thumb Code    34  printfa.o(i.__0sprintf)
    __1sprintf                               0x08006361   Thumb Code     0  printfa.o(i.__0sprintf)
    __2sprintf                               0x08006361   Thumb Code     0  printfa.o(i.__0sprintf)
    __c89sprintf                             0x08006361   Thumb Code     0  printfa.o(i.__0sprintf)
    sprintf                                  0x08006361   Thumb Code     0  printfa.o(i.__0sprintf)
    __hardfp_ceilf                           0x08006389   Thumb Code    98  ceilf.o(i.__hardfp_ceilf)
    __mathlib_ceilf                          0x08006389   Thumb Code     0  ceilf.o(i.__hardfp_ceilf)
    __hardfp_floorf                          0x080063f5   Thumb Code    98  floorf.o(i.__hardfp_floorf)
    __hardfp_sqrt                            0x08006465   Thumb Code   122  sqrt.o(i.__hardfp_sqrt)
    __scatterload_copy                       0x080064df   Thumb Code    14  handlers.o(i.__scatterload_copy)
    __scatterload_null                       0x080064ed   Thumb Code     2  handlers.o(i.__scatterload_null)
    __scatterload_zeroinit                   0x080064ef   Thumb Code    14  handlers.o(i.__scatterload_zeroinit)
    __set_errno                              0x080064fd   Thumb Code     6  errno.o(i.__set_errno)
    list_max                                 0x08006dc5   Thumb Code   106  windowsframe.o(i.list_max)
    list_min                                 0x08006e2f   Thumb Code   106  windowsframe.o(i.list_min)
    main                                     0x08006e99   Thumb Code  1542  main.o(i.main)
    AHBPrescTable                            0x080074b4   Data          16  system_stm32f4xx.o(.constdata)
    APBPrescTable                            0x080074c4   Data           8  system_stm32f4xx.o(.constdata)
    armBitRevTable                           0x080074cc   Data        2048  arm_common_tables.o(.constdata)
    twiddleCoef_4096                         0x08007ccc   Data       32768  arm_common_tables.o(.constdata)
    Region$$Table$$Base                      0x0800fccc   Number         0  anon$$obj.o(Region$$Table)
    Region$$Table$$Limit                     0x0800fcec   Number         0  anon$$obj.o(Region$$Table)
    uwTick                                   0x20000000   Data           4  stm32f4xx_hal.o(.data)
    ProcADC_Enable                           0x20000004   Data           1  adc.o(.data)
    ReadTouch_Enable                         0x20000012   Data           1  tim.o(.data)
    ReadKey_Enable                           0x20000013   Data           1  tim.o(.data)
    TIM5_INT_FLAG                            0x20000014   Data           1  tim.o(.data)
    counttime                                0x20000018   Data           4  tim.o(.data)
    Rx1Buffer                                0x2000001c   Data           1  usart.o(.data)
    U1_Rec_Point                             0x2000001e   Data           2  usart.o(.data)
    t_ratio                                  0x20000020   Data           4  touch.o(.data)
    f_ratio                                  0x20000024   Data           4  touch.o(.data)
    SystemCoreClock                          0x20000028   Data           4  system_stm32f4xx.o(.data)
    ADC1_Value                               0x20000030   Data        4096  adc.o(.bss)
    hadc1                                    0x20001030   Data          72  adc.o(.bss)
    hdma_adc1                                0x20001078   Data          96  adc.o(.bss)
    hsram1                                   0x200010d8   Data          80  fsmc.o(.bss)
    hspi2                                    0x20001128   Data          88  spi.o(.bss)
    htim2                                    0x20001180   Data          60  tim.o(.bss)
    htim4                                    0x200011bc   Data          60  tim.o(.bss)
    htim5                                    0x200011f8   Data          60  tim.o(.bss)
    htim7                                    0x20001234   Data          60  tim.o(.bss)
    U1_Rec_Buffer                            0x20001270   Data         100  usart.o(.bss)
    U1_Send_Buffer                           0x200012d4   Data         100  usart.o(.bss)
    huart1                                   0x20001338   Data          64  usart.o(.bss)
    Voltage_time_fig                         0x20001384   Data         128  windowsframe.o(.bss)
    FFT_fig                                  0x20001404   Data         128  windowsframe.o(.bss)
    StopButton                               0x20001484   Data          64  windowsframe.o(.bss)
    ADC_Voltage_buf                          0x200014c4   Data        8192  dataoperation.o(.bss)
    fft_buf                                  0x200034c4   Data        8192  dataoperation.o(.bss)
    fft_Result                               0x200054c4   Data        8192  dataoperation.o(.bss)
    __initial_sp                             0x200074c8   Data           0  startup_stm32f407xx.o(STACK)



==============================================================================

Memory Map of the image

  Image Entry point : 0x08000189

  Load Region LR_IROM1 (Base: 0x08000000, Size: 0x0000fd1c, Max: 0x00080000, ABSOLUTE)

    Execution Region ER_IROM1 (Exec base: 0x08000000, Load base: 0x08000000, Size: 0x0000fcec, Max: 0x00080000, ABSOLUTE)

    Exec Addr    Load Addr    Size         Type   Attr      Idx    E Section Name        Object

    0x08000000   0x08000000   0x00000188   Data   RO            3    RESET               startup_stm32f407xx.o
    0x08000188   0x08000188   0x00000000   Code   RO         4962  * .ARM.Collect$$$$00000000  mc_w.l(entry.o)
    0x08000188   0x08000188   0x00000004   Code   RO         5303    .ARM.Collect$$$$00000001  mc_w.l(entry2.o)
    0x0800018c   0x0800018c   0x00000004   Code   RO         5306    .ARM.Collect$$$$00000004  mc_w.l(entry5.o)
    0x08000190   0x08000190   0x00000000   Code   RO         5308    .ARM.Collect$$$$00000008  mc_w.l(entry7b.o)
    0x08000190   0x08000190   0x00000000   Code   RO         5310    .ARM.Collect$$$$0000000A  mc_w.l(entry8b.o)
    0x08000190   0x08000190   0x00000008   Code   RO         5311    .ARM.Collect$$$$0000000B  mc_w.l(entry9a.o)
    0x08000198   0x08000198   0x00000000   Code   RO         5313    .ARM.Collect$$$$0000000D  mc_w.l(entry10a.o)
    0x08000198   0x08000198   0x00000000   Code   RO         5315    .ARM.Collect$$$$0000000F  mc_w.l(entry11a.o)
    0x08000198   0x08000198   0x00000004   Code   RO         5304    .ARM.Collect$$$$00002712  mc_w.l(entry2.o)
    0x0800019c   0x0800019c   0x00000024   Code   RO            4    .text               startup_stm32f407xx.o
    0x080001c0   0x080001c0   0x000000f0   Code   RO         4753    .text               arm_cortexM4lf_math.lib(arm_cmplx_mag_f32.o)
    0x080002b0   0x080002b0   0x000006a0   Code   RO         4773    .text               arm_cortexM4lf_math.lib(arm_cfft_radix4_f32.o)
    0x08000950   0x08000950   0x000000c0   Code   RO         4793    .text               arm_cortexM4lf_math.lib(arm_cfft_radix4_init_f32.o)
    0x08000a10   0x08000a10   0x000001e6   Code   RO         4817    .text               arm_cortexM4lf_math.lib(arm_bitreversal.o)
    0x08000bf6   0x08000bf6   0x00000024   Code   RO         4968    .text               mc_w.l(memcpya.o)
    0x08000c1a   0x08000c1a   0x0000000e   Code   RO         4974    .text               mc_w.l(strlen.o)
    0x08000c28   0x08000c28   0x00000012   Code   RO         4976    .text               mc_w.l(strcpy.o)
    0x08000c3a   0x08000c3a   0x0000014e   Code   RO         5241    .text               mf_w.l(dadd.o)
    0x08000d88   0x08000d88   0x000000e4   Code   RO         5243    .text               mf_w.l(dmul.o)
    0x08000e6c   0x08000e6c   0x000000de   Code   RO         5245    .text               mf_w.l(ddiv.o)
    0x08000f4a   0x08000f4a   0x0000001a   Code   RO         5249    .text               mf_w.l(dfltui.o)
    0x08000f64   0x08000f64   0x00000032   Code   RO         5253    .text               mf_w.l(dfixui.o)
    0x08000f96   0x08000f96   0x00000026   Code   RO         5255    .text               mf_w.l(f2d.o)
    0x08000fbc   0x08000fbc   0x00000030   Code   RO         5257    .text               mf_w.l(cdrcmple.o)
    0x08000fec   0x08000fec   0x00000038   Code   RO         5259    .text               mf_w.l(d2f.o)
    0x08001024   0x08001024   0x0000002c   Code   RO         5320    .text               mc_w.l(uidiv.o)
    0x08001050   0x08001050   0x00000062   Code   RO         5322    .text               mc_w.l(uldiv.o)
    0x080010b2   0x080010b2   0x0000001e   Code   RO         5324    .text               mc_w.l(llshl.o)
    0x080010d0   0x080010d0   0x00000020   Code   RO         5326    .text               mc_w.l(llushr.o)
    0x080010f0   0x080010f0   0x00000024   Code   RO         5328    .text               mc_w.l(llsshr.o)
    0x08001114   0x08001114   0x00000000   Code   RO         5337    .text               mc_w.l(iusefp.o)
    0x08001114   0x08001114   0x0000006e   Code   RO         5338    .text               mf_w.l(fepilogue.o)
    0x08001182   0x08001182   0x000000ba   Code   RO         5340    .text               mf_w.l(depilogue.o)
    0x0800123c   0x0800123c   0x000000a2   Code   RO         5344    .text               mf_w.l(dsqrt.o)
    0x080012de   0x080012de   0x00000030   Code   RO         5348    .text               mf_w.l(dfixul.o)
    0x0800130e   0x0800130e   0x00000002   PAD
    0x08001310   0x08001310   0x00000024   Code   RO         5363    .text               mc_w.l(init.o)
    0x08001334   0x08001334   0x0000005c   Code   RO         4562    i.AC_Coupling       dataoperation.o
    0x08001390   0x08001390   0x00000064   Code   RO         4563    i.ADC2FFTbuffer     dataoperation.o
    0x080013f4   0x080013f4   0x00000024   Code   RO         4564    i.ADCBuf_Init       dataoperation.o
    0x08001418   0x08001418   0x00000098   Code   RO         4565    i.ADCBuf_Normalize  dataoperation.o
    0x080014b0   0x080014b0   0x00000068   Code   RO           13    i.ADC_DMAConvCplt   stm32f4xx_hal_adc.o
    0x08001518   0x08001518   0x00000016   Code   RO           14    i.ADC_DMAError      stm32f4xx_hal_adc.o
    0x0800152e   0x0800152e   0x0000000a   Code   RO           15    i.ADC_DMAHalfConvCplt  stm32f4xx_hal_adc.o
    0x08001538   0x08001538   0x00000002   Code   RO         3526    i.BusFault_Handler  stm32f4xx_it.o
    0x0800153a   0x0800153a   0x00000060   Code   RO         4414    i.Button_Checkpos   windowsframe.o
    0x0800159a   0x0800159a   0x0000004c   Code   RO         4415    i.Button_init       windowsframe.o
    0x080015e6   0x080015e6   0x000000fc   Code   RO         4416    i.Button_plot       windowsframe.o
    0x080016e2   0x080016e2   0x00000002   PAD
    0x080016e4   0x080016e4   0x0000000c   Code   RO         3527    i.DMA2_Stream0_IRQHandler  stm32f4xx_it.o
    0x080016f0   0x080016f0   0x00000002   Code   RO         3528    i.DebugMon_Handler  stm32f4xx_it.o
    0x080016f2   0x080016f2   0x00000008   Code   RO         3529    i.EXTI9_5_IRQHandler  stm32f4xx_it.o
    0x080016fa   0x080016fa   0x00000002   PAD
    0x080016fc   0x080016fc   0x00000064   Code   RO         3734    i.Exti_Test_GPIO_Init  exti_test.o
    0x08001760   0x08001760   0x000000b0   Code   RO         4566    i.FFT_Cal           dataoperation.o
    0x08001810   0x08001810   0x0000004c   Code   RO          400    i.FSMC_NORSRAM_Extended_Timing_Init  stm32f4xx_ll_fsmc.o
    0x0800185c   0x0800185c   0x0000005c   Code   RO          401    i.FSMC_NORSRAM_Init  stm32f4xx_ll_fsmc.o
    0x080018b8   0x080018b8   0x00000054   Code   RO          402    i.FSMC_NORSRAM_Timing_Init  stm32f4xx_ll_fsmc.o
    0x0800190c   0x0800190c   0x000000e4   Code   RO         3837    i.FT6206_Read_Reg   touch.o
    0x080019f0   0x080019f0   0x00000054   Code   RO         3838    i.FT6336_I2C_GPIO_Init  touch.o
    0x08001a44   0x08001a44   0x00000060   Code   RO         4417    i.Figure_Checkpos   windowsframe.o
    0x08001aa4   0x08001aa4   0x0000003c   Code   RO         4418    i.Figure_bound_data  windowsframe.o
    0x08001ae0   0x08001ae0   0x00000038   Code   RO         4419    i.Figure_init       windowsframe.o
    0x08001b18   0x08001b18   0x000004d0   Code   RO         4420    i.Figure_line_plot  windowsframe.o
    0x08001fe8   0x08001fe8   0x000000d8   Code   RO         4421    i.Figure_window_plot  windowsframe.o
    0x080020c0   0x080020c0   0x00000100   Code   RO         3950    i.Gui_Draw_Asc16_Hzk16  gui.o
    0x080021c0   0x080021c0   0x00000170   Code   RO         3951    i.Gui_Draw_Asc24_Hzk24  gui.o
    0x08002330   0x08002330   0x00000014   Code   RO         3955    i.Gui_Draw_aPixel   gui.o
    0x08002344   0x08002344   0x000001b0   Code   RO           17    i.HAL_ADC_ConfigChannel  stm32f4xx_hal_adc.o
    0x080024f4   0x080024f4   0x00000030   Code   RO         3218    i.HAL_ADC_ConvCpltCallback  adc.o
    0x08002524   0x08002524   0x00000002   Code   RO           19    i.HAL_ADC_ConvHalfCpltCallback  stm32f4xx_hal_adc.o
    0x08002526   0x08002526   0x00000002   Code   RO           21    i.HAL_ADC_ErrorCallback  stm32f4xx_hal_adc.o
    0x08002528   0x08002528   0x00000178   Code   RO           26    i.HAL_ADC_Init      stm32f4xx_hal_adc.o
    0x080026a0   0x080026a0   0x0000009c   Code   RO         3220    i.HAL_ADC_MspInit   adc.o
    0x0800273c   0x0800273c   0x00000160   Code   RO           33    i.HAL_ADC_Start_DMA  stm32f4xx_hal_adc.o
    0x0800289c   0x0800289c   0x00000024   Code   RO         2479    i.HAL_DMA_Abort_IT  stm32f4xx_hal_dma.o
    0x080028c0   0x080028c0   0x000001e8   Code   RO         2483    i.HAL_DMA_IRQHandler  stm32f4xx_hal_dma.o
    0x08002aa8   0x08002aa8   0x0000015c   Code   RO         2484    i.HAL_DMA_Init      stm32f4xx_hal_dma.o
    0x08002c04   0x08002c04   0x0000009c   Code   RO         2488    i.HAL_DMA_Start_IT  stm32f4xx_hal_dma.o
    0x08002ca0   0x08002ca0   0x0000003c   Code   RO         3735    i.HAL_GPIO_EXTI_Callback  exti_test.o
    0x08002cdc   0x08002cdc   0x00000018   Code   RO         2378    i.HAL_GPIO_EXTI_IRQHandler  stm32f4xx_hal_gpio.o
    0x08002cf4   0x08002cf4   0x0000023c   Code   RO         2379    i.HAL_GPIO_Init     stm32f4xx_hal_gpio.o
    0x08002f30   0x08002f30   0x0000000a   Code   RO         2381    i.HAL_GPIO_ReadPin  stm32f4xx_hal_gpio.o
    0x08002f3a   0x08002f3a   0x00000008   Code   RO         2382    i.HAL_GPIO_TogglePin  stm32f4xx_hal_gpio.o
    0x08002f42   0x08002f42   0x0000000a   Code   RO         2383    i.HAL_GPIO_WritePin  stm32f4xx_hal_gpio.o
    0x08002f4c   0x08002f4c   0x0000000c   Code   RO         2886    i.HAL_GetTick       stm32f4xx_hal.o
    0x08002f58   0x08002f58   0x00000010   Code   RO         2888    i.HAL_IncTick       stm32f4xx_hal.o
    0x08002f68   0x08002f68   0x00000034   Code   RO         2889    i.HAL_Init          stm32f4xx_hal.o
    0x08002f9c   0x08002f9c   0x00000028   Code   RO         2890    i.HAL_InitTick      stm32f4xx_hal.o
    0x08002fc4   0x08002fc4   0x00000084   Code   RO         3638    i.HAL_MspInit       stm32f4xx_hal_msp.o
    0x08003048   0x08003048   0x00000018   Code   RO         2748    i.HAL_NVIC_EnableIRQ  stm32f4xx_hal_cortex.o
    0x08003060   0x08003060   0x00000064   Code   RO         2754    i.HAL_NVIC_SetPriority  stm32f4xx_hal_cortex.o
    0x080030c4   0x080030c4   0x00000024   Code   RO         2755    i.HAL_NVIC_SetPriorityGrouping  stm32f4xx_hal_cortex.o
    0x080030e8   0x080030e8   0x00000198   Code   RO         2069    i.HAL_RCC_ClockConfig  stm32f4xx_hal_rcc.o
    0x08003280   0x08003280   0x0000000c   Code   RO         2074    i.HAL_RCC_GetHCLKFreq  stm32f4xx_hal_rcc.o
    0x0800328c   0x0800328c   0x00000030   Code   RO         2076    i.HAL_RCC_GetPCLK1Freq  stm32f4xx_hal_rcc.o
    0x080032bc   0x080032bc   0x00000030   Code   RO         2077    i.HAL_RCC_GetPCLK2Freq  stm32f4xx_hal_rcc.o
    0x080032ec   0x080032ec   0x00000094   Code   RO         2078    i.HAL_RCC_GetSysClockFreq  stm32f4xx_hal_rcc.o
    0x08003380   0x08003380   0x000003bc   Code   RO         2081    i.HAL_RCC_OscConfig  stm32f4xx_hal_rcc.o
    0x0800373c   0x0800373c   0x00000080   Code   RO          649    i.HAL_SPI_Init      stm32f4xx_hal_spi.o
    0x080037bc   0x080037bc   0x00000068   Code   RO         3339    i.HAL_SPI_MspInit   spi.o
    0x08003824   0x08003824   0x0000020e   Code   RO          658    i.HAL_SPI_TransmitReceive  stm32f4xx_hal_spi.o
    0x08003a32   0x08003a32   0x00000056   Code   RO          522    i.HAL_SRAM_Init     stm32f4xx_hal_sram.o
    0x08003a88   0x08003a88   0x00000094   Code   RO         3296    i.HAL_SRAM_MspInit  fsmc.o
    0x08003b1c   0x08003b1c   0x00000016   Code   RO         2757    i.HAL_SYSTICK_CLKSourceConfig  stm32f4xx_hal_cortex.o
    0x08003b32   0x08003b32   0x00000002   Code   RO         2758    i.HAL_SYSTICK_Callback  stm32f4xx_hal_cortex.o
    0x08003b34   0x08003b34   0x0000002c   Code   RO         2759    i.HAL_SYSTICK_Config  stm32f4xx_hal_cortex.o
    0x08003b60   0x08003b60   0x00000008   Code   RO         2760    i.HAL_SYSTICK_IRQHandler  stm32f4xx_hal_cortex.o
    0x08003b68   0x08003b68   0x00000002   Code   RO         1528    i.HAL_TIMEx_BreakCallback  stm32f4xx_hal_tim_ex.o
    0x08003b6a   0x08003b6a   0x00000002   Code   RO         1529    i.HAL_TIMEx_CommutationCallback  stm32f4xx_hal_tim_ex.o
    0x08003b6c   0x08003b6c   0x00000064   Code   RO         1545    i.HAL_TIMEx_MasterConfigSynchronization  stm32f4xx_hal_tim_ex.o
    0x08003bd0   0x08003bd0   0x00000036   Code   RO          941    i.HAL_TIM_Base_Init  stm32f4xx_hal_tim.o
    0x08003c06   0x08003c06   0x00000002   PAD
    0x08003c08   0x08003c08   0x000000c8   Code   RO         3387    i.HAL_TIM_Base_MspInit  tim.o
    0x08003cd0   0x08003cd0   0x00000018   Code   RO          946    i.HAL_TIM_Base_Start_IT  stm32f4xx_hal_tim.o
    0x08003ce8   0x08003ce8   0x0000002c   Code   RO          947    i.HAL_TIM_Base_Stop  stm32f4xx_hal_tim.o
    0x08003d14   0x08003d14   0x0000002a   Code   RO          949    i.HAL_TIM_Base_Stop_IT  stm32f4xx_hal_tim.o
    0x08003d3e   0x08003d3e   0x000001b8   Code   RO          950    i.HAL_TIM_ConfigClockSource  stm32f4xx_hal_tim.o
    0x08003ef6   0x08003ef6   0x00000002   Code   RO          970    i.HAL_TIM_IC_CaptureCallback  stm32f4xx_hal_tim.o
    0x08003ef8   0x08003ef8   0x0000016c   Code   RO          983    i.HAL_TIM_IRQHandler  stm32f4xx_hal_tim.o
    0x08004064   0x08004064   0x00000002   Code   RO          986    i.HAL_TIM_OC_DelayElapsedCallback  stm32f4xx_hal_tim.o
    0x08004066   0x08004066   0x00000002   PAD
    0x08004068   0x08004068   0x00000238   Code   RO         1007    i.HAL_TIM_PWM_ConfigChannel  stm32f4xx_hal_tim.o
    0x080042a0   0x080042a0   0x00000036   Code   RO         1010    i.HAL_TIM_PWM_Init  stm32f4xx_hal_tim.o
    0x080042d6   0x080042d6   0x00000002   Code   RO         1012    i.HAL_TIM_PWM_MspInit  stm32f4xx_hal_tim.o
    0x080042d8   0x080042d8   0x00000002   Code   RO         1013    i.HAL_TIM_PWM_PulseFinishedCallback  stm32f4xx_hal_tim.o
    0x080042da   0x080042da   0x00000040   Code   RO         1014    i.HAL_TIM_PWM_Start  stm32f4xx_hal_tim.o
    0x0800431a   0x0800431a   0x00000074   Code   RO         1016    i.HAL_TIM_PWM_Start_IT  stm32f4xx_hal_tim.o
    0x0800438e   0x0800438e   0x00000076   Code   RO         1017    i.HAL_TIM_PWM_Stop  stm32f4xx_hal_tim.o
    0x08004404   0x08004404   0x00000088   Code   RO         3389    i.HAL_TIM_PeriodElapsedCallback  tim.o
    0x0800448c   0x0800448c   0x00000002   Code   RO         1024    i.HAL_TIM_TriggerCallback  stm32f4xx_hal_tim.o
    0x0800448e   0x0800448e   0x00000002   Code   RO         1783    i.HAL_UART_ErrorCallback  stm32f4xx_hal_uart.o
    0x08004490   0x08004490   0x00000298   Code   RO         1786    i.HAL_UART_IRQHandler  stm32f4xx_hal_uart.o
    0x08004728   0x08004728   0x00000062   Code   RO         1787    i.HAL_UART_Init     stm32f4xx_hal_uart.o
    0x0800478a   0x0800478a   0x00000002   PAD
    0x0800478c   0x0800478c   0x00000050   Code   RO         3466    i.HAL_UART_MspInit  usart.o
    0x080047dc   0x080047dc   0x0000004a   Code   RO         1792    i.HAL_UART_Receive_IT  stm32f4xx_hal_uart.o
    0x08004826   0x08004826   0x00000002   PAD
    0x08004828   0x08004828   0x0000003c   Code   RO         3467    i.HAL_UART_RxCpltCallback  usart.o
    0x08004864   0x08004864   0x00000002   Code   RO         3468    i.HAL_UART_TxCpltCallback  usart.o
    0x08004866   0x08004866   0x00000002   Code   RO         3530    i.HardFault_Handler  stm32f4xx_it.o
    0x08004868   0x08004868   0x000000e0   Code   RO         3843    i.I2C1_Read_Byte    touch.o
    0x08004948   0x08004948   0x00000090   Code   RO         3844    i.I2C1_Send_Byte    touch.o
    0x080049d8   0x080049d8   0x0000004c   Code   RO         3846    i.I2C1_Stop         touch.o
    0x08004a24   0x08004a24   0x000000b8   Code   RO         3847    i.I2C1_WaitAck      touch.o
    0x08004adc   0x08004adc   0x00000040   Code   RO         3662    i.IO_GPIO_Init      key.o
    0x08004b1c   0x08004b1c   0x0000000c   Code   RO         3663    i.Init_KeyStatus    key.o
    0x08004b28   0x08004b28   0x00000038   Code   RO         3664    i.Key_GPIO_Init     key.o
    0x08004b60   0x08004b60   0x00000078   Code   RO         3665    i.Key_Process       key.o
    0x08004bd8   0x08004bd8   0x00000380   Code   RO         3766    i.LCD_Initialize    lcd_drive.o
    0x08004f58   0x08004f58   0x00000094   Code   RO         3710    i.LED_GPIO_Init     led.o
    0x08004fec   0x08004fec   0x0000003c   Code   RO         3768    i.Lcd_Clear_All     lcd_drive.o
    0x08005028   0x08005028   0x00000080   Code   RO         3769    i.Lcd_Clear_Some_Area  lcd_drive.o
    0x080050a8   0x080050a8   0x0000005c   Code   RO         3770    i.Lcd_Set_Region    lcd_drive.o
    0x08005104   0x08005104   0x0000002c   Code   RO         3771    i.Lcd_Set_XY        lcd_drive.o
    0x08005130   0x08005130   0x0000007c   Code   RO         3221    i.MX_ADC1_Init      adc.o
    0x080051ac   0x080051ac   0x0000001c   Code   RO         3271    i.MX_DMA_Init       dma.o
    0x080051c8   0x080051c8   0x00000080   Code   RO         3297    i.MX_FSMC_Init      fsmc.o
    0x08005248   0x08005248   0x000001c4   Code   RO         3194    i.MX_GPIO_Init      gpio.o
    0x0800540c   0x0800540c   0x0000005c   Code   RO         3340    i.MX_SPI2_Init      spi.o
    0x08005468   0x08005468   0x000000e8   Code   RO         3390    i.MX_TIM2_Init      tim.o
    0x08005550   0x08005550   0x000000e4   Code   RO         3391    i.MX_TIM4_Init      tim.o
    0x08005634   0x08005634   0x0000007c   Code   RO         3392    i.MX_TIM5_Init      tim.o
    0x080056b0   0x080056b0   0x00000060   Code   RO         3393    i.MX_TIM7_Init      tim.o
    0x08005710   0x08005710   0x0000004c   Code   RO         3469    i.MX_USART1_UART_Init  usart.o
    0x0800575c   0x0800575c   0x00000002   Code   RO         3531    i.MemManage_Handler  stm32f4xx_it.o
    0x0800575e   0x0800575e   0x00000002   Code   RO         3532    i.NMI_Handler       stm32f4xx_it.o
    0x08005760   0x08005760   0x00000002   Code   RO         3533    i.PendSV_Handler    stm32f4xx_it.o
    0x08005762   0x08005762   0x00000002   Code   RO         4424    i.Point             windowsframe.o
    0x08005764   0x08005764   0x00000138   Code   RO         3850    i.ReadCTP           touch.o
    0x0800589c   0x0800589c   0x000000c8   Code   RO         3666    i.Read_KeyStatus    key.o
    0x08005964   0x08005964   0x00000012   Code   RO         4047    i.Read_aAsc16_Dot   w25q64.o
    0x08005976   0x08005976   0x00000016   Code   RO         4048    i.Read_aAsc24_Dot   w25q64.o
    0x0800598c   0x0800598c   0x00000028   Code   RO         4050    i.Read_aWord_Hzk16_Dot  w25q64.o
    0x080059b4   0x080059b4   0x0000002c   Code   RO         4051    i.Read_aWord_Hzk24_Dot  w25q64.o
    0x080059e0   0x080059e0   0x000000aa   Code   RO          688    i.SPI_WaitFlagStateUntilTimeout  stm32f4xx_hal_spi.o
    0x08005a8a   0x08005a8a   0x00000002   Code   RO         3534    i.SVC_Handler       stm32f4xx_it.o
    0x08005a8c   0x08005a8c   0x00000038   Code   RO         4372    i.Spin_GpioInit     spin.o
    0x08005ac4   0x08005ac4   0x0000000e   Code   RO         3535    i.SysTick_Handler   stm32f4xx_it.o
    0x08005ad2   0x08005ad2   0x00000002   PAD
    0x08005ad4   0x08005ad4   0x000000a0   Code   RO         3083    i.SystemClock_Config  main.o
    0x08005b74   0x08005b74   0x00000058   Code   RO         4648    i.SystemInit        system_stm32f4xx.o
    0x08005bcc   0x08005bcc   0x00000004   PAD
    0x08005bd0   0x08005bd0   0x00000118   Code   RO         4571    i.THD_Calculation   dataoperation.o
    0x08005ce8   0x08005ce8   0x0000000c   Code   RO         3536    i.TIM4_IRQHandler   stm32f4xx_it.o
    0x08005cf4   0x08005cf4   0x0000000c   Code   RO         3537    i.TIM5_IRQHandler   stm32f4xx_it.o
    0x08005d00   0x08005d00   0x0000000c   Code   RO         3538    i.TIM7_IRQHandler   stm32f4xx_it.o
    0x08005d0c   0x08005d0c   0x000000c4   Code   RO         1025    i.TIM_Base_SetConfig  stm32f4xx_hal_tim.o
    0x08005dd0   0x08005dd0   0x00000010   Code   RO         1800    i.UART_DMAAbortOnError  stm32f4xx_hal_uart.o
    0x08005de0   0x08005de0   0x00000344   Code   RO         1810    i.UART_SetConfig    stm32f4xx_hal_uart.o
    0x08006124   0x08006124   0x0000000c   Code   RO         3539    i.USART1_IRQHandler  stm32f4xx_it.o
    0x08006130   0x08006130   0x00000002   Code   RO         3540    i.UsageFault_Handler  stm32f4xx_it.o
    0x08006132   0x08006132   0x00000002   PAD
    0x08006134   0x08006134   0x00000048   Code   RO         3341    i.W25Q64_CS_GPIO_Init  spi.o
    0x0800617c   0x0800617c   0x00000060   Code   RO         4055    i.W25Q64_Read       w25q64.o
    0x080061dc   0x080061dc   0x00000180   Code   RO         4426    i.Windows_Draw_Line  windowsframe.o
    0x0800635c   0x0800635c   0x00000002   Code   RO         3084    i._Error_Handler    main.o
    0x0800635e   0x0800635e   0x00000002   PAD
    0x08006360   0x08006360   0x00000028   Code   RO         5215    i.__0sprintf        mc_w.l(printfa.o)
    0x08006388   0x08006388   0x0000006c   Code   RO         4886    i.__hardfp_ceilf    m_wm.l(ceilf.o)
    0x080063f4   0x080063f4   0x00000070   Code   RO         4904    i.__hardfp_floorf   m_wm.l(floorf.o)
    0x08006464   0x08006464   0x0000007a   Code   RO         4938    i.__hardfp_sqrt     m_wm.l(sqrt.o)
    0x080064de   0x080064de   0x0000000e   Code   RO         5371    i.__scatterload_copy  mc_w.l(handlers.o)
    0x080064ec   0x080064ec   0x00000002   Code   RO         5372    i.__scatterload_null  mc_w.l(handlers.o)
    0x080064ee   0x080064ee   0x0000000e   Code   RO         5373    i.__scatterload_zeroinit  mc_w.l(handlers.o)
    0x080064fc   0x080064fc   0x0000000c   Code   RO         5332    i.__set_errno       mc_w.l(errno.o)
    0x08006508   0x08006508   0x00000184   Code   RO         5220    i._fp_digits        mc_w.l(printfa.o)
    0x0800668c   0x0800668c   0x000006dc   Code   RO         5221    i._printf_core      mc_w.l(printfa.o)
    0x08006d68   0x08006d68   0x00000024   Code   RO         5222    i._printf_post_padding  mc_w.l(printfa.o)
    0x08006d8c   0x08006d8c   0x0000002e   Code   RO         5223    i._printf_pre_padding  mc_w.l(printfa.o)
    0x08006dba   0x08006dba   0x0000000a   Code   RO         5225    i._sputc            mc_w.l(printfa.o)
    0x08006dc4   0x08006dc4   0x0000006a   Code   RO         4433    i.list_max          windowsframe.o
    0x08006e2e   0x08006e2e   0x0000006a   Code   RO         4434    i.list_min          windowsframe.o
    0x08006e98   0x08006e98   0x00000614   Code   RO         3085    i.main              main.o
    0x080074ac   0x080074ac   0x00000008   Data   RO         2490    .constdata          stm32f4xx_hal_dma.o
    0x080074b4   0x080074b4   0x00000010   Data   RO         4649    .constdata          system_stm32f4xx.o
    0x080074c4   0x080074c4   0x00000008   Data   RO         4650    .constdata          system_stm32f4xx.o
    0x080074cc   0x080074cc   0x00000800   Data   RO         4837    .constdata          arm_cortexM4lf_math.lib(arm_common_tables.o)
    0x08007ccc   0x08007ccc   0x00008000   Data   RO         4846    .constdata          arm_cortexM4lf_math.lib(arm_common_tables.o)
    0x0800fccc   0x0800fccc   0x00000020   Data   RO         5369    Region$$Table       anon$$obj.o


    Execution Region RW_IRAM1 (Exec base: 0x20000000, Load base: 0x0800fcec, Size: 0x000074c8, Max: 0x00020000, ABSOLUTE)

    Exec Addr    Load Addr    Size         Type   Attr      Idx    E Section Name        Object

    0x20000000   0x0800fcec   0x00000004   Data   RW         2895    .data               stm32f4xx_hal.o
    0x20000004   0x0800fcf0   0x00000001   Data   RW         3224    .data               adc.o
    0x20000005   0x0800fcf1   0x00000003   PAD
    0x20000008   0x0800fcf4   0x00000008   Data   RW         3299    .data               fsmc.o
    0x20000010   0x0800fcfc   0x0000000c   Data   RW         3396    .data               tim.o
    0x2000001c   0x0800fd08   0x00000004   Data   RW         3472    .data               usart.o
    0x20000020   0x0800fd0c   0x00000004   Data   RW         3852    .data               touch.o
    0x20000024   0x0800fd10   0x00000004   Data   RW         3853    .data               touch.o
    0x20000028   0x0800fd14   0x00000004   Data   RW         4651    .data               system_stm32f4xx.o
    0x2000002c   0x0800fd18   0x00000004   Data   RW         5333    .data               mc_w.l(errno.o)
    0x20000030        -       0x00001000   Zero   RW         3222    .bss                adc.o
    0x20001030        -       0x000000a8   Zero   RW         3223    .bss                adc.o
    0x200010d8        -       0x00000050   Zero   RW         3298    .bss                fsmc.o
    0x20001128        -       0x00000058   Zero   RW         3342    .bss                spi.o
    0x20001180        -       0x000000f0   Zero   RW         3395    .bss                tim.o
    0x20001270        -       0x00000108   Zero   RW         3471    .bss                usart.o
    0x20001378        -       0x0000000c   Zero   RW         3851    .bss                touch.o
    0x20001384        -       0x00000080   Zero   RW         4435    .bss                windowsframe.o
    0x20001404        -       0x00000080   Zero   RW         4436    .bss                windowsframe.o
    0x20001484        -       0x00000040   Zero   RW         4437    .bss                windowsframe.o
    0x200014c4        -       0x00006000   Zero   RW         4572    .bss                dataoperation.o
    0x200074c4   0x0800fd1c   0x00000004   PAD
    0x200074c8        -       0x00000000   Zero   RW            1    STACK               startup_stm32f407xx.o


==============================================================================

Image component sizes


      Code (inc. data)   RO Data    RW Data    ZI Data      Debug   Object Name

       328         64          0          1       4264       2596   adc.o
         0          0          0          0          0        552   common.o
       836        146          0          0      24576       5203   dataoperation.o
        28          4          0          0          0        722   dma.o
       160         28          0          0          0       1571   exti_test.o
       276         46          0          8         80       1955   fsmc.o
       452         36          0          0          0       1171   gpio.o
       644         16          0          0          0       3104   gui.o
       452         34          0          0          0       3447   key.o
      1220         36          0          0          0       9944   lcd_drive.o
       148         12          0          0          0        908   led.o
      1718        248          0          0          0      20089   main.o
       268         48          0          0         88       2211   spi.o
        56         10          0          0          0        928   spin.o
        36          8        392          0          0        820   startup_stm32f407xx.o
       120         22          0          4          0       3751   stm32f4xx_hal.o
      1300         50          0          0          0     715858   stm32f4xx_hal_adc.o
       236         16          0          0          0      31581   stm32f4xx_hal_cortex.o
      1028         28          8          0          0       4978   stm32f4xx_hal_dma.o
       624         24          0          0          0       4171   stm32f4xx_hal_gpio.o
       132          8          0          0          0        886   stm32f4xx_hal_msp.o
      1620        106          0          0          0       5708   stm32f4xx_hal_rcc.o
       824          0          0          0          0       4254   stm32f4xx_hal_spi.o
        86          0          0          0          0       1200   stm32f4xx_hal_sram.o
      2094         28          0          0          0      15265   stm32f4xx_hal_tim.o
       104          0          0          0          0       2366   stm32f4xx_hal_tim_ex.o
      1690         20          0          0          0       6085   stm32f4xx_hal_uart.o
        98         30          0          0          0       6695   stm32f4xx_it.o
       252         14          0          0          0       2723   stm32f4xx_ll_fsmc.o
        88         24         24          4          0       1123   system_stm32f4xx.o
      1016        152          0         12        240       5263   tim.o
      1252         36          0          8         12       8961   touch.o
       218         44          0          4        264       2854   usart.o
       220         16          0          0          0       4130   w25q64.o
      2682         74          0          0        320      14060   windowsframe.o

    ----------------------------------------------------------------------
     22328       1432        456         44      29848     897133   Object Totals
         0          0         32          0          0          0   (incl. Generated)
        22          4          0          3          4          0   (incl. Padding)

    ----------------------------------------------------------------------

      Code (inc. data)   RO Data    RW Data    ZI Data      Debug   Library Member Name

       486          0          0          0          0       2210   arm_bitreversal.o
      1696          0          0          0          0       4744   arm_cfft_radix4_f32.o
       192         46          0          0          0        767   arm_cfft_radix4_init_f32.o
       240          4          0          0          0       1124   arm_cmplx_mag_f32.o
         0          0      34816          0          0       2517   arm_common_tables.o
         0          0          0          0          0      15188   arm_cos_f32.o
       108         10          0          0          0        116   ceilf.o
       112         14          0          0          0        116   floorf.o
       122          0          0          0          0        148   sqrt.o
         0          0          0          0          0          0   entry.o
         0          0          0          0          0          0   entry10a.o
         0          0          0          0          0          0   entry11a.o
         8          4          0          0          0          0   entry2.o
         4          0          0          0          0          0   entry5.o
         0          0          0          0          0          0   entry7b.o
         0          0          0          0          0          0   entry8b.o
         8          4          0          0          0          0   entry9a.o
        12          6          0          4          0         68   errno.o
        30          0          0          0          0          0   handlers.o
        36          8          0          0          0         68   init.o
         0          0          0          0          0          0   iusefp.o
        30          0          0          0          0         68   llshl.o
        36          0          0          0          0         68   llsshr.o
        32          0          0          0          0         68   llushr.o
        36          0          0          0          0         68   memcpya.o
      2276         86          0          0          0        520   printfa.o
        18          0          0          0          0         68   strcpy.o
        14          0          0          0          0         68   strlen.o
        44          0          0          0          0         80   uidiv.o
        98          0          0          0          0         92   uldiv.o
        48          0          0          0          0         68   cdrcmple.o
        56          0          0          0          0         88   d2f.o
       334          0          0          0          0        148   dadd.o
       222          0          0          0          0        100   ddiv.o
       186          0          0          0          0        176   depilogue.o
        50          0          0          0          0         76   dfixui.o
        48          0          0          0          0         68   dfixul.o
        26          0          0          0          0         76   dfltui.o
       228          0          0          0          0         96   dmul.o
       162          0          0          0          0        100   dsqrt.o
        38          0          0          0          0         68   f2d.o
       110          0          0          0          0        168   fepilogue.o

    ----------------------------------------------------------------------
      7148        182      34816          4          0      29398   Library Totals
         2          0          0          0          0          0   (incl. Padding)

    ----------------------------------------------------------------------

      Code (inc. data)   RO Data    RW Data    ZI Data      Debug   Library Name

      2614         50      34816          0          0      26550   arm_cortexM4lf_math.lib
       342         24          0          0          0        380   m_wm.l
      2682        108          0          4          0       1236   mc_w.l
      1508          0          0          0          0       1232   mf_w.l

    ----------------------------------------------------------------------
      7148        182      34816          4          0      29398   Library Totals

    ----------------------------------------------------------------------

==============================================================================


      Code (inc. data)   RO Data    RW Data    ZI Data      Debug   

     29476       1614      35272         48      29848     910535   Grand Totals
     29476       1614      35272         48      29848     910535   ELF Image Totals
     29476       1614      35272         48          0          0   ROM Totals

==============================================================================

    Total RO  Size (Code + RO Data)                64748 (  63.23kB)
    Total RW  Size (RW Data + ZI Data)             29896 (  29.20kB)
    Total ROM Size (Code + RO Data + RW Data)      64796 (  63.28kB)

==============================================================================

